Category: 📺央视频道, Name: CCTV-1, Total: 42, Valid: 42, Valid Percent: 100.00%, Whitelist: 0, IPv4: 42, IPv6: 0, Min Delay: 40 ms, Max Speed: 15.61 M/s, Avg Speed: 14.87 M/s, Max Resolution: 1920x1080
Category: 📺央视频道, Name: CCTV-2, Total: 27, Valid: 27, Valid Percent: 100.00%, Whitelist: 0, IPv4: 27, IPv6: 0, Min Delay: 40 ms, Max Speed: 54.91 M/s, Avg Speed: 22.63 M/s, Max Resolution: 1920x1080
Category: 📺央视频道, Name: CCTV-3, Total: 46, Valid: 46, Valid Percent: 100.00%, Whitelist: 0, IPv4: 33, IPv6: 13, Min Delay: 40 ms, Max Speed: 54.91 M/s, Avg Speed: 19.64 M/s, Max Resolution: 1920x1080
Category: 📺央视频道, Name: CCTV-4, Total: 87, Valid: 87, Valid Percent: 100.00%, Whitelist: 0, IPv4: 70, IPv6: 17, Min Delay: 40 ms, Max Speed: 54.91 M/s, Avg Speed: 15.57 M/s, Max Resolution: 1920x1080
Category: 📺央视频道, Name: CCTV-5, Total: 48, Valid: 48, Valid Percent: 100.00%, Whitelist: 0, IPv4: 35, IPv6: 13, Min Delay: 40 ms, Max Speed: 54.91 M/s, Avg Speed: 16.30 M/s, Max Resolution: 1920x1080
Category: 📺央视频道, Name: CCTV-5+, Total: 21, Valid: 21, Valid Percent: 100.00%, Whitelist: 0, IPv4: 8, IPv6: 13, Min Delay: 40 ms, Max Speed: 15.61 M/s, Avg Speed: 12.21 M/s, Max Resolution: 1920x1080
Category: 📺央视频道, Name: CCTV-6, Total: 69, Valid: 69, Valid Percent: 100.00%, Whitelist: 0, IPv4: 53, IPv6: 16, Min Delay: 40 ms, Max Speed: 54.91 M/s, Avg Speed: 17.37 M/s, Max Resolution: 1920x1080
Category: 📺央视频道, Name: CCTV-7, Total: 56, Valid: 56, Valid Percent: 100.00%, Whitelist: 0, IPv4: 39, IPv6: 17, Min Delay: 40 ms, Max Speed: 54.91 M/s, Avg Speed: 18.66 M/s, Max Resolution: 1920x1080
Category: 📺央视频道, Name: CCTV-8, Total: 74, Valid: 74, Valid Percent: 100.00%, Whitelist: 0, IPv4: 59, IPv6: 15, Min Delay: 40 ms, Max Speed: 54.91 M/s, Avg Speed: 16.37 M/s, Max Resolution: 1920x1080
Category: 📺央视频道, Name: CCTV-9, Total: 60, Valid: 60, Valid Percent: 100.00%, Whitelist: 0, IPv4: 41, IPv6: 19, Min Delay: 40 ms, Max Speed: 54.91 M/s, Avg Speed: 17.73 M/s, Max Resolution: 1920x1080
Category: 📺央视频道, Name: CCTV-10, Total: 60, Valid: 60, Valid Percent: 100.00%, Whitelist: 0, IPv4: 44, IPv6: 16, Min Delay: 40 ms, Max Speed: 54.91 M/s, Avg Speed: 17.11 M/s, Max Resolution: 1920x1080
Category: 📺央视频道, Name: CCTV-11, Total: 49, Valid: 49, Valid Percent: 100.00%, Whitelist: 0, IPv4: 32, IPv6: 17, Min Delay: 40 ms, Max Speed: 54.91 M/s, Avg Speed: 17.64 M/s, Max Resolution: 1920x1080
Category: 📺央视频道, Name: CCTV-12, Total: 48, Valid: 48, Valid Percent: 100.00%, Whitelist: 0, IPv4: 25, IPv6: 23, Min Delay: 40 ms, Max Speed: 54.91 M/s, Avg Speed: 18.78 M/s, Max Resolution: 1920x1080
Category: 📺央视频道, Name: CCTV-13, Total: 63, Valid: 63, Valid Percent: 100.00%, Whitelist: 0, IPv4: 43, IPv6: 20, Min Delay: 40 ms, Max Speed: 54.91 M/s, Avg Speed: 16.99 M/s, Max Resolution: 1920x1080
Category: 📺央视频道, Name: CCTV-14, Total: 48, Valid: 48, Valid Percent: 100.00%, Whitelist: 0, IPv4: 30, IPv6: 18, Min Delay: 40 ms, Max Speed: 54.91 M/s, Avg Speed: 18.10 M/s, Max Resolution: 1920x1080
Category: 📺央视频道, Name: CCTV-15, Total: 48, Valid: 48, Valid Percent: 100.00%, Whitelist: 0, IPv4: 32, IPv6: 16, Min Delay: 40 ms, Max Speed: 54.91 M/s, Avg Speed: 18.85 M/s, Max Resolution: 1920x1080
Category: 📺央视频道, Name: CCTV-16, Total: 23, Valid: 23, Valid Percent: 100.00%, Whitelist: 0, IPv4: 19, IPv6: 4, Min Delay: 40 ms, Max Speed: 54.91 M/s, Avg Speed: 18.00 M/s, Max Resolution: 1920x1080
Category: 📺央视频道, Name: CCTV-17, Total: 42, Valid: 42, Valid Percent: 100.00%, Whitelist: 0, IPv4: 25, IPv6: 17, Min Delay: 40 ms, Max Speed: 54.91 M/s, Avg Speed: 18.91 M/s, Max Resolution: 1920x1080
Category: 📺央视频道, Name: CETV-1, Total: 11, Valid: 11, Valid Percent: 100.00%, Whitelist: 0, IPv4: 9, IPv6: 2, Min Delay: 40 ms, Max Speed: 15.61 M/s, Avg Speed: 14.24 M/s, Max Resolution: 1920x1080
Category: 📺央视频道, Name: CETV-2, Total: 9, Valid: 9, Valid Percent: 100.00%, Whitelist: 0, IPv4: 7, IPv6: 2, Min Delay: 40 ms, Max Speed: 15.61 M/s, Avg Speed: 13.94 M/s, Max Resolution: 1920x1080
Category: 📺央视频道, Name: CETV-3, Total: 3, Valid: 3, Valid Percent: 100.00%, Whitelist: 0, IPv4: 3, IPv6: 0, Min Delay: 379 ms, Max Speed: 9.40 M/s, Avg Speed: 7.05 M/s, Max Resolution: 1920x1080
Category: 📺央视频道, Name: CETV-4, Total: 14, Valid: 14, Valid Percent: 100.00%, Whitelist: 0, IPv4: 12, IPv6: 2, Min Delay: 40 ms, Max Speed: 15.61 M/s, Avg Speed: 12.40 M/s, Max Resolution: 1920x1080
Category: 💰央视付费频道, Name: 文化精品, Total: 7, Valid: 7, Valid Percent: 100.00%, Whitelist: 0, IPv4: 7, IPv6: 0, Min Delay: 72 ms, Max Speed: 54.91 M/s, Avg Speed: 19.54 M/s, Max Resolution: 1280x720
Category: 💰央视付费频道, Name: 央视台球, Total: 5, Valid: 5, Valid Percent: 100.00%, Whitelist: 0, IPv4: 3, IPv6: 2, Min Delay: 438 ms, Max Speed: 6.74 M/s, Avg Speed: 2.95 M/s, Max Resolution: 1920x1080
Category: 💰央视付费频道, Name: 风云音乐, Total: 6, Valid: 6, Valid Percent: 100.00%, Whitelist: 0, IPv4: 6, IPv6: 0, Min Delay: 72 ms, Max Speed: 54.91 M/s, Avg Speed: 21.38 M/s, Max Resolution: 1280x720
Category: 💰央视付费频道, Name: 第一剧场, Total: 7, Valid: 7, Valid Percent: 100.00%, Whitelist: 0, IPv4: 6, IPv6: 1, Min Delay: 72 ms, Max Speed: 54.91 M/s, Avg Speed: 18.42 M/s, Max Resolution: 1920x1080
Category: 💰央视付费频道, Name: 风云剧场, Total: 6, Valid: 6, Valid Percent: 100.00%, Whitelist: 0, IPv4: 6, IPv6: 0, Min Delay: 72 ms, Max Speed: 54.91 M/s, Avg Speed: 21.38 M/s, Max Resolution: 1280x720
Category: 💰央视付费频道, Name: 怀旧剧场, Total: 6, Valid: 6, Valid Percent: 100.00%, Whitelist: 0, IPv4: 6, IPv6: 0, Min Delay: 72 ms, Max Speed: 54.91 M/s, Avg Speed: 21.38 M/s, Max Resolution: 1280x720
Category: 💰央视付费频道, Name: 女性时尚, Total: 6, Valid: 6, Valid Percent: 100.00%, Whitelist: 0, IPv4: 6, IPv6: 0, Min Delay: 72 ms, Max Speed: 54.91 M/s, Avg Speed: 21.97 M/s, Max Resolution: 1280x720
Category: 💰央视付费频道, Name: 高尔夫网球, Total: 5, Valid: 5, Valid Percent: 100.00%, Whitelist: 0, IPv4: 5, IPv6: 0, Min Delay: 438 ms, Max Speed: 6.74 M/s, Avg Speed: 2.72 M/s, Max Resolution: 1920x1080
Category: 💰央视付费频道, Name: 风云足球, Total: 6, Valid: 6, Valid Percent: 100.00%, Whitelist: 0, IPv4: 4, IPv6: 2, Min Delay: 379 ms, Max Speed: 6.74 M/s, Avg Speed: 3.29 M/s, Max Resolution: 1920x1080
Category: 💰央视付费频道, Name: 世界地理, Total: 4, Valid: 4, Valid Percent: 100.00%, Whitelist: 0, IPv4: 4, IPv6: 0, Min Delay: 379 ms, Max Speed: 8.54 M/s, Avg Speed: 6.68 M/s, Max Resolution: 1280x720
Category: 💰央视付费频道, Name: 兵器科技, Total: 5, Valid: 5, Valid Percent: 100.00%, Whitelist: 0, IPv4: 5, IPv6: 0, Min Delay: 72 ms, Max Speed: 54.91 M/s, Avg Speed: 24.65 M/s, Max Resolution: 1280x720
Category: 📡卫视频道, Name: 广东卫视, Total: 24, Valid: 24, Valid Percent: 100.00%, Whitelist: 0, IPv4: 20, IPv6: 4, Min Delay: 40 ms, Max Speed: 54.91 M/s, Avg Speed: 20.62 M/s, Max Resolution: 1920x1080
Category: 📡卫视频道, Name: 浙江卫视, Total: 33, Valid: 33, Valid Percent: 100.00%, Whitelist: 0, IPv4: 31, IPv6: 2, Min Delay: 40 ms, Max Speed: 54.91 M/s, Avg Speed: 17.98 M/s, Max Resolution: 1920x1080
Category: 📡卫视频道, Name: 湖南卫视, Total: 41, Valid: 41, Valid Percent: 100.00%, Whitelist: 0, IPv4: 37, IPv6: 4, Min Delay: 6 ms, Max Speed: 62.72 M/s, Avg Speed: 19.81 M/s, Max Resolution: 3840x2160
Category: 📡卫视频道, Name: 北京卫视, Total: 39, Valid: 39, Valid Percent: 100.00%, Whitelist: 0, IPv4: 37, IPv6: 2, Min Delay: 6 ms, Max Speed: 54.91 M/s, Avg Speed: 18.61 M/s, Max Resolution: 1920x1080
Category: 📡卫视频道, Name: 湖北卫视, Total: 36, Valid: 36, Valid Percent: 100.00%, Whitelist: 0, IPv4: 27, IPv6: 9, Min Delay: 6 ms, Max Speed: 54.91 M/s, Avg Speed: 16.83 M/s, Max Resolution: 1920x1080
Category: 📡卫视频道, Name: 黑龙江卫视, Total: 28, Valid: 28, Valid Percent: 100.00%, Whitelist: 0, IPv4: 25, IPv6: 3, Min Delay: 6 ms, Max Speed: 54.91 M/s, Avg Speed: 19.58 M/s, Max Resolution: 1920x1080
Category: 📡卫视频道, Name: 安徽卫视, Total: 23, Valid: 23, Valid Percent: 100.00%, Whitelist: 0, IPv4: 22, IPv6: 1, Min Delay: 40 ms, Max Speed: 54.91 M/s, Avg Speed: 21.35 M/s, Max Resolution: 1920x1080
Category: 📡卫视频道, Name: 重庆卫视, Total: 24, Valid: 24, Valid Percent: 100.00%, Whitelist: 0, IPv4: 23, IPv6: 1, Min Delay: 6 ms, Max Speed: 54.91 M/s, Avg Speed: 20.49 M/s, Max Resolution: 1920x1080
Category: 📡卫视频道, Name: 东方卫视, Total: 42, Valid: 42, Valid Percent: 100.00%, Whitelist: 0, IPv4: 28, IPv6: 14, Min Delay: 40 ms, Max Speed: 54.91 M/s, Avg Speed: 17.90 M/s, Max Resolution: 1920x1080
Category: 📡卫视频道, Name: 东南卫视, Total: 28, Valid: 28, Valid Percent: 100.00%, Whitelist: 0, IPv4: 23, IPv6: 5, Min Delay: 40 ms, Max Speed: 54.91 M/s, Avg Speed: 23.49 M/s, Max Resolution: 1920x1080
Category: 📡卫视频道, Name: 甘肃卫视, Total: 18, Valid: 18, Valid Percent: 100.00%, Whitelist: 0, IPv4: 17, IPv6: 1, Min Delay: 40 ms, Max Speed: 54.91 M/s, Avg Speed: 26.92 M/s, Max Resolution: 1920x1080
Category: 📡卫视频道, Name: 广西卫视, Total: 25, Valid: 24, Valid Percent: 96.00%, Whitelist: 0, IPv4: 21, IPv6: 4, Min Delay: 40 ms, Max Speed: 54.91 M/s, Avg Speed: 24.49 M/s, Max Resolution: 1920x1080
Category: 📡卫视频道, Name: 贵州卫视, Total: 26, Valid: 26, Valid Percent: 100.00%, Whitelist: 0, IPv4: 24, IPv6: 2, Min Delay: 40 ms, Max Speed: 54.91 M/s, Avg Speed: 25.84 M/s, Max Resolution: 1920x1080
Category: 📡卫视频道, Name: 海南卫视, Total: 26, Valid: 26, Valid Percent: 100.00%, Whitelist: 0, IPv4: 21, IPv6: 5, Min Delay: 6 ms, Max Speed: 54.91 M/s, Avg Speed: 21.53 M/s, Max Resolution: 1920x1080
Category: 📡卫视频道, Name: 河北卫视, Total: 28, Valid: 28, Valid Percent: 100.00%, Whitelist: 0, IPv4: 27, IPv6: 1, Min Delay: 6 ms, Max Speed: 54.91 M/s, Avg Speed: 22.61 M/s, Max Resolution: 1920x1080
Category: 📡卫视频道, Name: 河南卫视, Total: 34, Valid: 34, Valid Percent: 100.00%, Whitelist: 0, IPv4: 30, IPv6: 4, Min Delay: 40 ms, Max Speed: 79.57 M/s, Avg Speed: 26.44 M/s, Max Resolution: 1920x1080
Category: 📡卫视频道, Name: 吉林卫视, Total: 35, Valid: 35, Valid Percent: 100.00%, Whitelist: 0, IPv4: 29, IPv6: 6, Min Delay: 40 ms, Max Speed: 54.91 M/s, Avg Speed: 16.99 M/s, Max Resolution: 1920x1080
Category: 📡卫视频道, Name: 江苏卫视, Total: 39, Valid: 39, Valid Percent: 100.00%, Whitelist: 0, IPv4: 29, IPv6: 10, Min Delay: 40 ms, Max Speed: 54.91 M/s, Avg Speed: 17.97 M/s, Max Resolution: 1920x1080
Category: 📡卫视频道, Name: 江西卫视, Total: 36, Valid: 36, Valid Percent: 100.00%, Whitelist: 0, IPv4: 25, IPv6: 11, Min Delay: 6 ms, Max Speed: 54.91 M/s, Avg Speed: 19.10 M/s, Max Resolution: 1920x1080
Category: 📡卫视频道, Name: 辽宁卫视, Total: 22, Valid: 22, Valid Percent: 100.00%, Whitelist: 0, IPv4: 20, IPv6: 2, Min Delay: 40 ms, Max Speed: 54.91 M/s, Avg Speed: 24.83 M/s, Max Resolution: 1920x1080
Category: 📡卫视频道, Name: 内蒙古卫视, Total: 19, Valid: 19, Valid Percent: 100.00%, Whitelist: 0, IPv4: 17, IPv6: 2, Min Delay: 6 ms, Max Speed: 54.91 M/s, Avg Speed: 22.16 M/s, Max Resolution: 1920x1080
Category: 📡卫视频道, Name: 宁夏卫视, Total: 21, Valid: 21, Valid Percent: 100.00%, Whitelist: 0, IPv4: 20, IPv6: 1, Min Delay: 40 ms, Max Speed: 54.91 M/s, Avg Speed: 20.71 M/s, Max Resolution: 1920x1080
Category: 📡卫视频道, Name: 青海卫视, Total: 28, Valid: 28, Valid Percent: 100.00%, Whitelist: 0, IPv4: 23, IPv6: 5, Min Delay: 6 ms, Max Speed: 54.91 M/s, Avg Speed: 22.98 M/s, Max Resolution: 1920x1080
Category: 📡卫视频道, Name: 山东卫视, Total: 24, Valid: 24, Valid Percent: 100.00%, Whitelist: 0, IPv4: 22, IPv6: 2, Min Delay: 40 ms, Max Speed: 54.91 M/s, Avg Speed: 21.71 M/s, Max Resolution: 1920x1080
Category: 📡卫视频道, Name: 山西卫视, Total: 19, Valid: 19, Valid Percent: 100.00%, Whitelist: 0, IPv4: 17, IPv6: 2, Min Delay: 6 ms, Max Speed: 54.91 M/s, Avg Speed: 22.16 M/s, Max Resolution: 1920x1080
Category: 📡卫视频道, Name: 陕西卫视, Total: 33, Valid: 33, Valid Percent: 100.00%, Whitelist: 0, IPv4: 20, IPv6: 13, Min Delay: 6 ms, Max Speed: 54.91 M/s, Avg Speed: 13.60 M/s, Max Resolution: 1920x1080
Category: 📡卫视频道, Name: 四川卫视, Total: 36, Valid: 36, Valid Percent: 100.00%, Whitelist: 0, IPv4: 33, IPv6: 3, Min Delay: 6 ms, Max Speed: 54.91 M/s, Avg Speed: 21.53 M/s, Max Resolution: 1920x1080
Category: 📡卫视频道, Name: 深圳卫视, Total: 23, Valid: 23, Valid Percent: 100.00%, Whitelist: 0, IPv4: 22, IPv6: 1, Min Delay: 40 ms, Max Speed: 54.91 M/s, Avg Speed: 21.74 M/s, Max Resolution: 1920x1080
Category: 📡卫视频道, Name: 三沙卫视, Total: 16, Valid: 16, Valid Percent: 100.00%, Whitelist: 0, IPv4: 15, IPv6: 1, Min Delay: 40 ms, Max Speed: 54.91 M/s, Avg Speed: 25.86 M/s, Max Resolution: 1920x1080
Category: 📡卫视频道, Name: 天津卫视, Total: 26, Valid: 26, Valid Percent: 100.00%, Whitelist: 0, IPv4: 24, IPv6: 2, Min Delay: 40 ms, Max Speed: 54.91 M/s, Avg Speed: 17.42 M/s, Max Resolution: 1920x1080
Category: 📡卫视频道, Name: 西藏卫视, Total: 24, Valid: 24, Valid Percent: 100.00%, Whitelist: 0, IPv4: 19, IPv6: 5, Min Delay: 6 ms, Max Speed: 54.91 M/s, Avg Speed: 17.27 M/s, Max Resolution: 1920x1080
Category: 📡卫视频道, Name: 新疆卫视, Total: 23, Valid: 23, Valid Percent: 100.00%, Whitelist: 0, IPv4: 21, IPv6: 2, Min Delay: 6 ms, Max Speed: 54.91 M/s, Avg Speed: 17.68 M/s, Max Resolution: 1920x1080
Category: 📡卫视频道, Name: 云南卫视, Total: 28, Valid: 28, Valid Percent: 100.00%, Whitelist: 0, IPv4: 25, IPv6: 3, Min Delay: 40 ms, Max Speed: 54.91 M/s, Avg Speed: 21.82 M/s, Max Resolution: 1920x1080
Category: 🌊港·澳·台, Name: 翡翠台, Total: 27, Valid: 25, Valid Percent: 92.59%, Whitelist: 0, IPv4: 2, IPv6: 25, Min Delay: 74 ms, Max Speed: 181.54 M/s, Avg Speed: 46.56 M/s, Max Resolution: 3840x2160
Category: 🌊港·澳·台, Name: 凤凰中文, Total: 9, Valid: 8, Valid Percent: 88.89%, Whitelist: 0, IPv4: 1, IPv6: 8, Min Delay: 96 ms, Max Speed: 181.54 M/s, Avg Speed: 36.99 M/s, Max Resolution: 3840x2160
Category: 🌊港·澳·台, Name: 凤凰资讯, Total: 14, Valid: 14, Valid Percent: 100.00%, Whitelist: 0, IPv4: 4, IPv6: 10, Min Delay: 96 ms, Max Speed: 181.54 M/s, Avg Speed: 21.24 M/s, Max Resolution: 3840x2160
Category: 🌊港·澳·台, Name: 凤凰香港, Total: 14, Valid: 14, Valid Percent: 100.00%, Whitelist: 0, IPv4: 4, IPv6: 10, Min Delay: 96 ms, Max Speed: 181.54 M/s, Avg Speed: 23.00 M/s, Max Resolution: 3840x2160
Category: 🌊港·澳·台, Name: TVBS亚洲, Total: 6, Valid: 6, Valid Percent: 100.00%, Whitelist: 0, IPv4: 4, IPv6: 2, Min Delay: 32 ms, Max Speed: 82.99 M/s, Avg Speed: 28.07 M/s, Max Resolution: 1920x1080
Category: 🌊港·澳·台, Name: 纬来体育, Total: 8, Valid: 5, Valid Percent: 62.50%, Whitelist: 0, IPv4: 5, IPv6: 3, Min Delay: 726 ms, Max Speed: 0.65 M/s, Avg Speed: 0.51 M/s, Max Resolution: 1920x1080
Category: 🌊港·澳·台, Name: 纬来育乐, Total: 1, Valid: 1, Valid Percent: 100.00%, Whitelist: 0, IPv4: 1, IPv6: 0, Min Delay: 726 ms, Max Speed: 0.30 M/s, Avg Speed: 0.30 M/s, Max Resolution: 1440x1080
Category: 🌊港·澳·台, Name: 东森超视, Total: 2, Valid: 2, Valid Percent: 100.00%, Whitelist: 0, IPv4: 2, IPv6: 0, Min Delay: 4143 ms, Max Speed: 0.62 M/s, Avg Speed: 0.62 M/s, Max Resolution: 1920x1080
Category: 🌊港·澳·台, Name: Now剧集, Total: 1, Valid: 1, Valid Percent: 100.00%, Whitelist: 0, IPv4: 1, IPv6: 0, Min Delay: 1309 ms, Max Speed: 6.19 M/s, Avg Speed: 6.19 M/s, Max Resolution: 1920x1080
Category: 🌊港·澳·台, Name: Now华剧, Total: 1, Valid: 1, Valid Percent: 100.00%, Whitelist: 0, IPv4: 1, IPv6: 0, Min Delay: 1309 ms, Max Speed: 6.19 M/s, Avg Speed: 6.19 M/s, Max Resolution: 1920x1080
Category: 🎬电影频道, Name: CHC家庭影院, Total: 12, Valid: 12, Valid Percent: 100.00%, Whitelist: 0, IPv4: 8, IPv6: 4, Min Delay: 40 ms, Max Speed: 54.91 M/s, Avg Speed: 19.14 M/s, Max Resolution: 1920x1080
Category: 🎬电影频道, Name: CHC动作电影, Total: 11, Valid: 11, Valid Percent: 100.00%, Whitelist: 0, IPv4: 7, IPv6: 4, Min Delay: 40 ms, Max Speed: 54.91 M/s, Avg Speed: 20.26 M/s, Max Resolution: 1920x1080
Category: 🎬电影频道, Name: CHC高清电影, Total: 10, Valid: 4, Valid Percent: 40.00%, Whitelist: 0, IPv4: 10, IPv6: 0, Min Delay: 12004 ms, Max Speed: 0.24 M/s, Avg Speed: 0.17 M/s, Max Resolution: 1920x1080
Category: 🎬电影频道, Name: NewTV惊悚悬疑, Total: 5, Valid: 5, Valid Percent: 100.00%, Whitelist: 0, IPv4: 3, IPv6: 2, Min Delay: 40 ms, Max Speed: 54.91 M/s, Avg Speed: 25.19 M/s, Max Resolution: 1920x1080
Category: 🎬电影频道, Name: NewTV动作电影, Total: 3, Valid: 3, Valid Percent: 100.00%, Whitelist: 0, IPv4: 1, IPv6: 2, Min Delay: 40 ms, Max Speed: 15.61 M/s, Avg Speed: 5.38 M/s, Max Resolution: 1920x1080
Category: 🎬电影频道, Name: 纬来电影, Total: 3, Valid: 3, Valid Percent: 100.00%, Whitelist: 0, IPv4: 3, IPv6: 0, Min Delay: 726 ms, Max Speed: 6.19 M/s, Avg Speed: 2.26 M/s, Max Resolution: 1920x1080
Category: 🎬电影频道, Name: IPTV经典电影, Total: 1, Valid: 1, Valid Percent: 100.00%, Whitelist: 0, IPv4: 1, IPv6: 0, Min Delay: 488 ms, Max Speed: 0.09 M/s, Avg Speed: 0.09 M/s, Max Resolution: 1920x1080
Category: 🎬电影频道, Name: 天映经典, Total: 8, Valid: 8, Valid Percent: 100.00%, Whitelist: 0, IPv4: 2, IPv6: 6, Min Delay: 74 ms, Max Speed: 88.69 M/s, Avg Speed: 15.26 M/s, Max Resolution: 1920x1080
Category: 🎬电影频道, Name: 龙祥电影, Total: 1, Valid: 1, Valid Percent: 100.00%, Whitelist: 0, IPv4: 1, IPv6: 0, Min Delay: 726 ms, Max Speed: 0.30 M/s, Avg Speed: 0.30 M/s, Max Resolution: 1440x1080
Category: 🎬电影频道, Name: 东森洋片, Total: 2, Valid: 2, Valid Percent: 100.00%, Whitelist: 0, IPv4: 2, IPv6: 0, Min Delay: 726 ms, Max Speed: 0.30 M/s, Avg Speed: 0.30 M/s, Max Resolution: 1440x1080
Category: 🎬电影频道, Name: 东森超视, Total: 2, Valid: 2, Valid Percent: 100.00%, Whitelist: 0, IPv4: 2, IPv6: 0, Min Delay: 4143 ms, Max Speed: 0.62 M/s, Avg Speed: 0.62 M/s, Max Resolution: 1920x1080
Category: 🏀体育频道, Name: CCTV-5, Total: 46, Valid: 46, Valid Percent: 100.00%, Whitelist: 0, IPv4: 33, IPv6: 13, Min Delay: 40 ms, Max Speed: 54.91 M/s, Avg Speed: 16.70 M/s, Max Resolution: 1920x1080
Category: 🏀体育频道, Name: CCTV-5+, Total: 21, Valid: 21, Valid Percent: 100.00%, Whitelist: 0, IPv4: 8, IPv6: 13, Min Delay: 40 ms, Max Speed: 15.61 M/s, Avg Speed: 12.21 M/s, Max Resolution: 1920x1080
Category: 🏀体育频道, Name: 纬来体育, Total: 4, Valid: 4, Valid Percent: 100.00%, Whitelist: 0, IPv4: 1, IPv6: 3, Min Delay: 726 ms, Max Speed: 0.65 M/s, Avg Speed: 0.56 M/s, Max Resolution: 1920x1080
Category: 🏀体育频道, Name: 山东体育, Total: 1, Valid: 1, Valid Percent: 100.00%, Whitelist: 0, IPv4: 1, IPv6: 0, Min Delay: 6 ms, Max Speed: 16.32 M/s, Avg Speed: 16.32 M/s, Max Resolution: None
Category: 🏀体育频道, Name: 成都体育, Total: 2, Valid: 0, Valid Percent: 0.00%, Whitelist: 0, IPv4: 2, IPv6: 0, Min Delay: 543 ms, Max Speed: 0.00 M/s, Avg Speed: 0.00 M/s, Max Resolution: None
Category: 🏀体育频道, Name: 天津体育, Total: 1, Valid: 1, Valid Percent: 100.00%, Whitelist: 0, IPv4: 1, IPv6: 0, Min Delay: 438 ms, Max Speed: 6.74 M/s, Avg Speed: 6.74 M/s, Max Resolution: 1280x720
Category: 🏀体育频道, Name: 风云足球, Total: 6, Valid: 6, Valid Percent: 100.00%, Whitelist: 0, IPv4: 4, IPv6: 2, Min Delay: 379 ms, Max Speed: 6.74 M/s, Avg Speed: 3.29 M/s, Max Resolution: 1920x1080
Category: 🏀体育频道, Name: 魅力足球, Total: 4, Valid: 4, Valid Percent: 100.00%, Whitelist: 0, IPv4: 1, IPv6: 3, Min Delay: 48 ms, Max Speed: 13.84 M/s, Avg Speed: 10.41 M/s, Max Resolution: 1920x1080
Category: 🏀体育频道, Name: 快乐垂钓, Total: 4, Valid: 4, Valid Percent: 100.00%, Whitelist: 0, IPv4: 3, IPv6: 1, Min Delay: 40 ms, Max Speed: 15.61 M/s, Avg Speed: 7.94 M/s, Max Resolution: 1920x1080
Category: 🪁动画频道, Name: 动漫秀场, Total: 2, Valid: 2, Valid Percent: 100.00%, Whitelist: 0, IPv4: 1, IPv6: 1, Min Delay: 2574 ms, Max Speed: 0.44 M/s, Avg Speed: 0.27 M/s, Max Resolution: 1920x1080
Category: 🪁动画频道, Name: 新动漫, Total: 5, Valid: 5, Valid Percent: 100.00%, Whitelist: 0, IPv4: 5, IPv6: 0, Min Delay: 40 ms, Max Speed: 15.61 M/s, Avg Speed: 12.51 M/s, Max Resolution: 1920x1080
Category: 🪁动画频道, Name: 优漫卡通, Total: 6, Valid: 6, Valid Percent: 100.00%, Whitelist: 0, IPv4: 3, IPv6: 3, Min Delay: 40 ms, Max Speed: 15.61 M/s, Avg Speed: 12.49 M/s, Max Resolution: 1920x1080
Category: 🪁动画频道, Name: 浙江少儿, Total: 5, Valid: 5, Valid Percent: 100.00%, Whitelist: 0, IPv4: 1, IPv6: 4, Min Delay: 2113 ms, Max Speed: 0.84 M/s, Avg Speed: 0.82 M/s, Max Resolution: 1920x1080
Category: 🪁动画频道, Name: 火影忍者, Total: 2, Valid: 2, Valid Percent: 100.00%, Whitelist: 0, IPv4: 2, IPv6: 0, Min Delay: 12738 ms, Max Speed: 0.24 M/s, Avg Speed: 0.24 M/s, Max Resolution: 1920x1032
Category: 🪁动画频道, Name: 海绵宝宝, Total: 1, Valid: 1, Valid Percent: 100.00%, Whitelist: 0, IPv4: 1, IPv6: 0, Min Delay: 54 ms, Max Speed: 79.57 M/s, Avg Speed: 79.57 M/s, Max Resolution: 1920x1080
Category: 🎮游戏频道, Name: 游戏风云, Total: 4, Valid: 4, Valid Percent: 100.00%, Whitelist: 0, IPv4: 1, IPv6: 3, Min Delay: 48 ms, Max Speed: 13.84 M/s, Avg Speed: 7.05 M/s, Max Resolution: 1920x1080
Category: 🎵音乐频道, Name: CCTV-15, Total: 48, Valid: 48, Valid Percent: 100.00%, Whitelist: 0, IPv4: 32, IPv6: 16, Min Delay: 40 ms, Max Speed: 54.91 M/s, Avg Speed: 18.85 M/s, Max Resolution: 1920x1080
Category: 🎵音乐频道, Name: 风云音乐, Total: 6, Valid: 6, Valid Percent: 100.00%, Whitelist: 0, IPv4: 6, IPv6: 0, Min Delay: 72 ms, Max Speed: 54.91 M/s, Avg Speed: 21.38 M/s, Max Resolution: 1280x720
Category: 🎵音乐频道, Name: 音乐现场, Total: 3, Valid: 3, Valid Percent: 100.00%, Whitelist: 0, IPv4: 3, IPv6: 0, Min Delay: 6 ms, Max Speed: 16.32 M/s, Avg Speed: 13.18 M/s, Max Resolution: None
Category: 🎵音乐频道, Name: 音乐之声, Total: 2, Valid: 2, Valid Percent: 100.00%, Whitelist: 0, IPv4: 2, IPv6: 0, Min Delay: 6 ms, Max Speed: 16.32 M/s, Avg Speed: 13.96 M/s, Max Resolution: None
Category: 🏛经典剧场, Name: 天龙八部, Total: 4, Valid: 4, Valid Percent: 100.00%, Whitelist: 0, IPv4: 3, IPv6: 1, Min Delay: 266 ms, Max Speed: 10.74 M/s, Avg Speed: 6.71 M/s, Max Resolution: 720x1280
Category: 🏛经典剧场, Name: 济公游记, Total: 1, Valid: 1, Valid Percent: 100.00%, Whitelist: 0, IPv4: 1, IPv6: 0, Min Delay: 54 ms, Max Speed: 79.57 M/s, Avg Speed: 79.57 M/s, Max Resolution: 1920x1080
Category: ☘️广东频道, Name: 广东珠江, Total: 5, Valid: 5, Valid Percent: 100.00%, Whitelist: 0, IPv4: 2, IPv6: 3, Min Delay: 40 ms, Max Speed: 15.61 M/s, Avg Speed: 6.51 M/s, Max Resolution: 1920x1080
Category: ☘️广东频道, Name: 广东新闻, Total: 2, Valid: 2, Valid Percent: 100.00%, Whitelist: 0, IPv4: 1, IPv6: 1, Min Delay: 6 ms, Max Speed: 16.32 M/s, Avg Speed: 8.38 M/s, Max Resolution: 1920x1080
Category: ☘️广东频道, Name: 广东卫视, Total: 22, Valid: 22, Valid Percent: 100.00%, Whitelist: 0, IPv4: 18, IPv6: 4, Min Delay: 40 ms, Max Speed: 54.91 M/s, Avg Speed: 22.48 M/s, Max Resolution: 1920x1080
Category: ☘️广东频道, Name: 大湾区卫视, Total: 13, Valid: 13, Valid Percent: 100.00%, Whitelist: 0, IPv4: 7, IPv6: 6, Min Delay: 40 ms, Max Speed: 15.61 M/s, Avg Speed: 11.20 M/s, Max Resolution: 1920x1080
Category: ☘️广东频道, Name: 广州综合, Total: 6, Valid: 6, Valid Percent: 100.00%, Whitelist: 0, IPv4: 5, IPv6: 1, Min Delay: 2085 ms, Max Speed: 0.44 M/s, Avg Speed: 0.37 M/s, Max Resolution: 1920x1080
Category: ☘️广东频道, Name: 广州影视, Total: 3, Valid: 3, Valid Percent: 100.00%, Whitelist: 0, IPv4: 2, IPv6: 1, Min Delay: 2085 ms, Max Speed: 0.44 M/s, Avg Speed: 0.38 M/s, Max Resolution: 1920x1080
Category: ☘️广东频道, Name: 深圳卫视, Total: 23, Valid: 23, Valid Percent: 100.00%, Whitelist: 0, IPv4: 22, IPv6: 1, Min Delay: 40 ms, Max Speed: 54.91 M/s, Avg Speed: 21.74 M/s, Max Resolution: 1920x1080
Category: ☘️浙江频道, Name: 浙江钱江, Total: 5, Valid: 5, Valid Percent: 100.00%, Whitelist: 0, IPv4: 2, IPv6: 3, Min Delay: 2113 ms, Max Speed: 0.84 M/s, Avg Speed: 0.82 M/s, Max Resolution: 1920x1080
Category: ☘️浙江频道, Name: 浙江钱江都市, Total: 3, Valid: 3, Valid Percent: 100.00%, Whitelist: 0, IPv4: 1, IPv6: 2, Min Delay: 2113 ms, Max Speed: 0.84 M/s, Avg Speed: 0.83 M/s, Max Resolution: 1920x1080
Category: ☘️浙江频道, Name: 浙江生活, Total: 5, Valid: 5, Valid Percent: 100.00%, Whitelist: 0, IPv4: 2, IPv6: 3, Min Delay: 2113 ms, Max Speed: 0.84 M/s, Avg Speed: 0.82 M/s, Max Resolution: 1920x1080
Category: ☘️浙江频道, Name: 浙江经济生活, Total: 6, Valid: 6, Valid Percent: 100.00%, Whitelist: 0, IPv4: 4, IPv6: 2, Min Delay: 2113 ms, Max Speed: 0.84 M/s, Avg Speed: 0.75 M/s, Max Resolution: 1920x1080
Category: ☘️浙江频道, Name: 浙江教育, Total: 3, Valid: 3, Valid Percent: 100.00%, Whitelist: 0, IPv4: 1, IPv6: 2, Min Delay: 2113 ms, Max Speed: 0.84 M/s, Avg Speed: 0.82 M/s, Max Resolution: 1920x1080
Category: ☘️浙江频道, Name: 浙江民生, Total: 4, Valid: 4, Valid Percent: 100.00%, Whitelist: 0, IPv4: 3, IPv6: 1, Min Delay: 2113 ms, Max Speed: 0.84 M/s, Avg Speed: 0.82 M/s, Max Resolution: 1920x1080
Category: ☘️浙江频道, Name: 浙江新闻, Total: 6, Valid: 6, Valid Percent: 100.00%, Whitelist: 0, IPv4: 4, IPv6: 2, Min Delay: 2113 ms, Max Speed: 0.84 M/s, Avg Speed: 0.77 M/s, Max Resolution: 1920x1080
Category: ☘️浙江频道, Name: 浙江少儿, Total: 3, Valid: 3, Valid Percent: 100.00%, Whitelist: 0, IPv4: 1, IPv6: 2, Min Delay: 2113 ms, Max Speed: 0.84 M/s, Avg Speed: 0.82 M/s, Max Resolution: 1920x1080
Category: ☘️浙江频道, Name: 浙江经济, Total: 4, Valid: 4, Valid Percent: 100.00%, Whitelist: 0, IPv4: 2, IPv6: 2, Min Delay: 2113 ms, Max Speed: 0.84 M/s, Avg Speed: 0.82 M/s, Max Resolution: 1920x1080
Category: ☘️浙江频道, Name: 浙江国际, Total: 5, Valid: 5, Valid Percent: 100.00%, Whitelist: 0, IPv4: 3, IPv6: 2, Min Delay: 2113 ms, Max Speed: 0.84 M/s, Avg Speed: 0.76 M/s, Max Resolution: 1920x1080
Category: ☘️浙江频道, Name: 嘉兴新闻综合, Total: 4, Valid: 4, Valid Percent: 100.00%, Whitelist: 0, IPv4: 2, IPv6: 2, Min Delay: 1466 ms, Max Speed: 0.50 M/s, Avg Speed: 0.36 M/s, Max Resolution: 1920x1080
Category: ☘️浙江频道, Name: 湖州公共, Total: 4, Valid: 4, Valid Percent: 100.00%, Whitelist: 0, IPv4: 4, IPv6: 0, Min Delay: 2963 ms, Max Speed: 0.15 M/s, Avg Speed: 0.15 M/s, Max Resolution: 1280x720
Category: ☘️浙江频道, Name: 湖州新闻综合, Total: 5, Valid: 5, Valid Percent: 100.00%, Whitelist: 0, IPv4: 5, IPv6: 0, Min Delay: 2963 ms, Max Speed: 0.15 M/s, Avg Speed: 0.15 M/s, Max Resolution: 1280x720
Category: ☘️浙江频道, Name: 湖州文化娱乐, Total: 3, Valid: 3, Valid Percent: 100.00%, Whitelist: 0, IPv4: 3, IPv6: 0, Min Delay: 2963 ms, Max Speed: 0.15 M/s, Avg Speed: 0.15 M/s, Max Resolution: 1280x720
Category: ☘️浙江频道, Name: 浙江民生休闲, Total: 8, Valid: 8, Valid Percent: 100.00%, Whitelist: 0, IPv4: 4, IPv6: 4, Min Delay: 2113 ms, Max Speed: 0.84 M/s, Avg Speed: 0.64 M/s, Max Resolution: 1920x1080
Category: ☘️浙江频道, Name: 浙江数码时代, Total: 3, Valid: 3, Valid Percent: 100.00%, Whitelist: 0, IPv4: 2, IPv6: 1, Min Delay: 2113 ms, Max Speed: 0.84 M/s, Avg Speed: 0.83 M/s, Max Resolution: 1920x1080
Category: ☘️浙江频道, Name: 浙江教科影视, Total: 4, Valid: 4, Valid Percent: 100.00%, Whitelist: 0, IPv4: 2, IPv6: 2, Min Delay: 2113 ms, Max Speed: 0.84 M/s, Avg Speed: 0.75 M/s, Max Resolution: 1920x1080
Category: ☘️浙江频道, Name: 浙江遂昌, Total: 2, Valid: 2, Valid Percent: 100.00%, Whitelist: 0, IPv4: 1, IPv6: 1, Min Delay: 12669 ms, Max Speed: 0.02 M/s, Avg Speed: 0.02 M/s, Max Resolution: 1920x1080
Category: ☘️浙江频道, Name: 诸暨新闻综合, Total: 2, Valid: 2, Valid Percent: 100.00%, Whitelist: 0, IPv4: 1, IPv6: 1, Min Delay: 12669 ms, Max Speed: 0.02 M/s, Avg Speed: 0.02 M/s, Max Resolution: 1920x1080
Category: ☘️浙江频道, Name: 龙游生活娱乐, Total: 2, Valid: 2, Valid Percent: 100.00%, Whitelist: 0, IPv4: 1, IPv6: 1, Min Delay: 12669 ms, Max Speed: 0.02 M/s, Avg Speed: 0.02 M/s, Max Resolution: 1920x1080
Category: ☘️浙江频道, Name: 龙泉新闻综合, Total: 3, Valid: 3, Valid Percent: 100.00%, Whitelist: 0, IPv4: 2, IPv6: 1, Min Delay: 12669 ms, Max Speed: 0.02 M/s, Avg Speed: 0.02 M/s, Max Resolution: 1920x1080
Category: ☘️浙江频道, Name: 青田电视台, Total: 2, Valid: 2, Valid Percent: 100.00%, Whitelist: 0, IPv4: 2, IPv6: 0, Min Delay: 12669 ms, Max Speed: 0.02 M/s, Avg Speed: 0.02 M/s, Max Resolution: 1920x1080
Category: ☘️浙江频道, Name: 象山综合, Total: 2, Valid: 2, Valid Percent: 100.00%, Whitelist: 0, IPv4: 1, IPv6: 1, Min Delay: 12669 ms, Max Speed: 0.02 M/s, Avg Speed: 0.02 M/s, Max Resolution: 1920x1080
Category: ☘️浙江频道, Name: 象山电视台新闻综合, Total: 2, Valid: 2, Valid Percent: 100.00%, Whitelist: 0, IPv4: 1, IPv6: 1, Min Delay: 12669 ms, Max Speed: 0.02 M/s, Avg Speed: 0.02 M/s, Max Resolution: 1920x1080
Category: ☘️浙江频道, Name: 象山新闻综合, Total: 2, Valid: 2, Valid Percent: 100.00%, Whitelist: 0, IPv4: 1, IPv6: 1, Min Delay: 12669 ms, Max Speed: 0.02 M/s, Avg Speed: 0.02 M/s, Max Resolution: 1920x1080
Category: ☘️浙江频道, Name: 萧山生活, Total: 3, Valid: 3, Valid Percent: 100.00%, Whitelist: 0, IPv4: 2, IPv6: 1, Min Delay: 12669 ms, Max Speed: 0.02 M/s, Avg Speed: 0.02 M/s, Max Resolution: 1920x1080
Category: ☘️浙江频道, Name: 萧山新闻综合, Total: 3, Valid: 3, Valid Percent: 100.00%, Whitelist: 0, IPv4: 2, IPv6: 1, Min Delay: 12669 ms, Max Speed: 0.02 M/s, Avg Speed: 0.02 M/s, Max Resolution: 1920x1080
Category: ☘️浙江频道, Name: 缙云综合, Total: 3, Valid: 3, Valid Percent: 100.00%, Whitelist: 0, IPv4: 2, IPv6: 1, Min Delay: 12669 ms, Max Speed: 0.02 M/s, Avg Speed: 0.02 M/s, Max Resolution: 1920x1080
Category: ☘️浙江频道, Name: 缙云新闻综合, Total: 2, Valid: 2, Valid Percent: 100.00%, Whitelist: 0, IPv4: 1, IPv6: 1, Min Delay: 12669 ms, Max Speed: 0.02 M/s, Avg Speed: 0.02 M/s, Max Resolution: 1920x1080
Category: ☘️浙江频道, Name: 绍兴电视台公共, Total: 5, Valid: 5, Valid Percent: 100.00%, Whitelist: 0, IPv4: 5, IPv6: 0, Min Delay: 5559 ms, Max Speed: 0.16 M/s, Avg Speed: 0.16 M/s, Max Resolution: 1280x720
Category: ☘️浙江频道, Name: 绍兴新闻综合, Total: 3, Valid: 3, Valid Percent: 100.00%, Whitelist: 0, IPv4: 3, IPv6: 0, Min Delay: 5559 ms, Max Speed: 0.16 M/s, Avg Speed: 0.16 M/s, Max Resolution: 1280x720
Category: ☘️浙江频道, Name: 绍兴文化影院, Total: 3, Valid: 3, Valid Percent: 100.00%, Whitelist: 0, IPv4: 3, IPv6: 0, Min Delay: 5559 ms, Max Speed: 0.16 M/s, Avg Speed: 0.16 M/s, Max Resolution: 1280x720
Category: ☘️浙江频道, Name: 绍兴文化影视, Total: 1, Valid: 1, Valid Percent: 100.00%, Whitelist: 0, IPv4: 1, IPv6: 0, Min Delay: 5559 ms, Max Speed: 0.16 M/s, Avg Speed: 0.16 M/s, Max Resolution: 1280x720
Category: ☘️浙江频道, Name: 绍兴公共, Total: 6, Valid: 6, Valid Percent: 100.00%, Whitelist: 0, IPv4: 6, IPv6: 0, Min Delay: 5559 ms, Max Speed: 0.16 M/s, Avg Speed: 0.16 M/s, Max Resolution: 1280x720
Category: ☘️浙江频道, Name: 湖州公共民生, Total: 1, Valid: 1, Valid Percent: 100.00%, Whitelist: 0, IPv4: 1, IPv6: 0, Min Delay: 2963 ms, Max Speed: 0.15 M/s, Avg Speed: 0.15 M/s, Max Resolution: 1280x720
Category: ☘️浙江频道, Name: 洞头综合, Total: 2, Valid: 2, Valid Percent: 100.00%, Whitelist: 0, IPv4: 1, IPv6: 1, Min Delay: 12669 ms, Max Speed: 0.02 M/s, Avg Speed: 0.02 M/s, Max Resolution: 1920x1080
Category: ☘️浙江频道, Name: 永嘉新闻综合, Total: 3, Valid: 3, Valid Percent: 100.00%, Whitelist: 0, IPv4: 2, IPv6: 1, Min Delay: 12669 ms, Max Speed: 0.02 M/s, Avg Speed: 0.02 M/s, Max Resolution: 1920x1080
Category: ☘️浙江频道, Name: 松阳综合, Total: 5, Valid: 5, Valid Percent: 100.00%, Whitelist: 0, IPv4: 3, IPv6: 2, Min Delay: 12669 ms, Max Speed: 0.02 M/s, Avg Speed: 0.02 M/s, Max Resolution: 1920x1080
Category: ☘️浙江频道, Name: 松阳新闻综合, Total: 2, Valid: 2, Valid Percent: 100.00%, Whitelist: 0, IPv4: 1, IPv6: 1, Min Delay: 12669 ms, Max Speed: 0.02 M/s, Avg Speed: 0.02 M/s, Max Resolution: 1920x1080
Category: ☘️浙江频道, Name: 普陀新闻综合, Total: 2, Valid: 2, Valid Percent: 100.00%, Whitelist: 0, IPv4: 1, IPv6: 1, Min Delay: 12669 ms, Max Speed: 0.02 M/s, Avg Speed: 0.02 M/s, Max Resolution: 1920x1080
Category: ☘️浙江频道, Name: 新昌新闻综合, Total: 2, Valid: 2, Valid Percent: 100.00%, Whitelist: 0, IPv4: 1, IPv6: 1, Min Delay: 12669 ms, Max Speed: 0.02 M/s, Avg Speed: 0.02 M/s, Max Resolution: 1920x1080
Category: ☘️浙江频道, Name: 文成综合, Total: 4, Valid: 4, Valid Percent: 100.00%, Whitelist: 0, IPv4: 2, IPv6: 2, Min Delay: 12669 ms, Max Speed: 0.02 M/s, Avg Speed: 0.02 M/s, Max Resolution: 1920x1080
Category: ☘️浙江频道, Name: 文成新闻综合, Total: 2, Valid: 2, Valid Percent: 100.00%, Whitelist: 0, IPv4: 1, IPv6: 1, Min Delay: 12669 ms, Max Speed: 0.02 M/s, Avg Speed: 0.02 M/s, Max Resolution: 1920x1080
Category: ☘️浙江频道, Name: 开化国家公园, Total: 3, Valid: 3, Valid Percent: 100.00%, Whitelist: 0, IPv4: 2, IPv6: 1, Min Delay: 12669 ms, Max Speed: 0.02 M/s, Avg Speed: 0.02 M/s, Max Resolution: 1920x1080
Category: ☘️浙江频道, Name: 庆元综合, Total: 6, Valid: 6, Valid Percent: 100.00%, Whitelist: 0, IPv4: 3, IPv6: 3, Min Delay: 12669 ms, Max Speed: 0.02 M/s, Avg Speed: 0.02 M/s, Max Resolution: 1920x1080
Category: ☘️浙江频道, Name: 庆元新闻综合, Total: 2, Valid: 2, Valid Percent: 100.00%, Whitelist: 0, IPv4: 1, IPv6: 1, Min Delay: 12669 ms, Max Speed: 0.02 M/s, Avg Speed: 0.02 M/s, Max Resolution: 1920x1080
Category: ☘️浙江频道, Name: 平湖民生休闲, Total: 3, Valid: 3, Valid Percent: 100.00%, Whitelist: 0, IPv4: 2, IPv6: 1, Min Delay: 12669 ms, Max Speed: 0.02 M/s, Avg Speed: 0.02 M/s, Max Resolution: 1920x1080
Category: ☘️浙江频道, Name: 平湖新闻综合, Total: 3, Valid: 3, Valid Percent: 100.00%, Whitelist: 0, IPv4: 2, IPv6: 1, Min Delay: 12669 ms, Max Speed: 0.02 M/s, Avg Speed: 0.02 M/s, Max Resolution: 1920x1080
Category: ☘️浙江频道, Name: 嵊泗综合, Total: 2, Valid: 2, Valid Percent: 100.00%, Whitelist: 0, IPv4: 1, IPv6: 1, Min Delay: 12669 ms, Max Speed: 0.02 M/s, Avg Speed: 0.02 M/s, Max Resolution: 1920x1080
Category: ☘️浙江频道, Name: 嵊州新闻综合, Total: 3, Valid: 3, Valid Percent: 100.00%, Whitelist: 0, IPv4: 2, IPv6: 1, Min Delay: 12669 ms, Max Speed: 0.02 M/s, Avg Speed: 0.02 M/s, Max Resolution: 1920x1080
Category: ☘️浙江频道, Name: 兰溪新闻综合, Total: 3, Valid: 3, Valid Percent: 100.00%, Whitelist: 0, IPv4: 2, IPv6: 1, Min Delay: 12669 ms, Max Speed: 0.02 M/s, Avg Speed: 0.02 M/s, Max Resolution: 1920x1080
Category: ☘️浙江频道, Name: 余杭综合, Total: 3, Valid: 3, Valid Percent: 100.00%, Whitelist: 0, IPv4: 2, IPv6: 1, Min Delay: 12669 ms, Max Speed: 0.02 M/s, Avg Speed: 0.02 M/s, Max Resolution: 1920x1080
Category: ☘️浙江频道, Name: 余杭未来E, Total: 2, Valid: 2, Valid Percent: 100.00%, Whitelist: 0, IPv4: 1, IPv6: 1, Min Delay: 12669 ms, Max Speed: 0.02 M/s, Avg Speed: 0.02 M/s, Max Resolution: 1920x1080
Category: ☘️浙江频道, Name: 余姚综合, Total: 4, Valid: 4, Valid Percent: 100.00%, Whitelist: 0, IPv4: 3, IPv6: 1, Min Delay: 12669 ms, Max Speed: 0.02 M/s, Avg Speed: 0.02 M/s, Max Resolution: 1920x1080
Category: ☘️浙江频道, Name: 余姚新闻综合, Total: 4, Valid: 4, Valid Percent: 100.00%, Whitelist: 0, IPv4: 3, IPv6: 1, Min Delay: 12669 ms, Max Speed: 0.02 M/s, Avg Speed: 0.02 M/s, Max Resolution: 1920x1080
Category: ☘️浙江频道, Name: 余姚姚江文化, Total: 3, Valid: 3, Valid Percent: 100.00%, Whitelist: 0, IPv4: 1, IPv6: 2, Min Delay: 12170 ms, Max Speed: 0.07 M/s, Avg Speed: 0.05 M/s, Max Resolution: 1920x1080
Category: ☘️浙江频道, Name: 云和新闻综合, Total: 2, Valid: 2, Valid Percent: 100.00%, Whitelist: 0, IPv4: 1, IPv6: 1, Min Delay: 12669 ms, Max Speed: 0.02 M/s, Avg Speed: 0.02 M/s, Max Resolution: 1920x1080
Category: ☘️浙江频道, Name: 中国蓝新闻, Total: 3, Valid: 3, Valid Percent: 100.00%, Whitelist: 0, IPv4: 1, IPv6: 2, Min Delay: 2113 ms, Max Speed: 0.84 M/s, Avg Speed: 0.82 M/s, Max Resolution: 1920x1080
Category: ☘️浙江频道, Name: 上虞新闻综合, Total: 3, Valid: 3, Valid Percent: 100.00%, Whitelist: 0, IPv4: 2, IPv6: 1, Min Delay: 12669 ms, Max Speed: 0.02 M/s, Avg Speed: 0.02 M/s, Max Resolution: 1920x1080
Category: ☘️浙江频道, Name: 上虞新商都, Total: 4, Valid: 4, Valid Percent: 100.00%, Whitelist: 0, IPv4: 3, IPv6: 1, Min Delay: 12669 ms, Max Speed: 0.02 M/s, Avg Speed: 0.02 M/s, Max Resolution: 1920x1080
Category: ☘️浙江频道, Name: 上虞文化影院, Total: 3, Valid: 3, Valid Percent: 100.00%, Whitelist: 0, IPv4: 2, IPv6: 1, Min Delay: 12669 ms, Max Speed: 0.02 M/s, Avg Speed: 0.02 M/s, Max Resolution: 1920x1080
Category: ☘️北京频道, Name: 北京新闻, Total: 6, Valid: 6, Valid Percent: 100.00%, Whitelist: 0, IPv4: 4, IPv6: 2, Min Delay: 6 ms, Max Speed: 16.32 M/s, Avg Speed: 4.68 M/s, Max Resolution: 1920x1080
Category: ☘️北京频道, Name: 北京生活, Total: 1, Valid: 1, Valid Percent: 100.00%, Whitelist: 0, IPv4: 1, IPv6: 0, Min Delay: 2172 ms, Max Speed: 0.05 M/s, Avg Speed: 0.05 M/s, Max Resolution: None
Category: ☘️北京频道, Name: 北京科教, Total: 2, Valid: 2, Valid Percent: 100.00%, Whitelist: 0, IPv4: 2, IPv6: 0, Min Delay: 3 ms, Max Speed: 76.59 M/s, Avg Speed: 76.59 M/s, Max Resolution: 19x24
Category: ☘️北京频道, Name: 北京财经, Total: 1, Valid: 1, Valid Percent: 100.00%, Whitelist: 0, IPv4: 1, IPv6: 0, Min Delay: 2172 ms, Max Speed: 0.05 M/s, Avg Speed: 0.05 M/s, Max Resolution: None
Category: ☘️上海频道, Name: 上海新闻综合, Total: 2, Valid: 2, Valid Percent: 100.00%, Whitelist: 0, IPv4: 1, IPv6: 1, Min Delay: 40 ms, Max Speed: 15.61 M/s, Avg Speed: 15.61 M/s, Max Resolution: 1920x1080
Category: ☘️上海频道, Name: 上海第一财经, Total: 3, Valid: 3, Valid Percent: 100.00%, Whitelist: 0, IPv4: 3, IPv6: 0, Min Delay: 11 ms, Max Speed: 15.61 M/s, Avg Speed: 14.28 M/s, Max Resolution: 1920x1080
Category: ☘️上海频道, Name: 全纪实, Total: 1, Valid: 1, Valid Percent: 100.00%, Whitelist: 0, IPv4: 1, IPv6: 0, Min Delay: 488 ms, Max Speed: 0.09 M/s, Avg Speed: 0.09 M/s, Max Resolution: 1920x1080
Category: ☘️上海频道, Name: 动漫秀场, Total: 2, Valid: 2, Valid Percent: 100.00%, Whitelist: 0, IPv4: 1, IPv6: 1, Min Delay: 2574 ms, Max Speed: 0.44 M/s, Avg Speed: 0.27 M/s, Max Resolution: 1920x1080
Category: ☘️上海频道, Name: 新闻综合, Total: 3, Valid: 3, Valid Percent: 100.00%, Whitelist: 0, IPv4: 1, IPv6: 2, Min Delay: 48 ms, Max Speed: 13.84 M/s, Avg Speed: 9.39 M/s, Max Resolution: 1920x1080
Category: ☘️上海频道, Name: 欢笑剧场, Total: 1, Valid: 1, Valid Percent: 100.00%, Whitelist: 0, IPv4: 1, IPv6: 0, Min Delay: 488 ms, Max Speed: 0.09 M/s, Avg Speed: 0.09 M/s, Max Resolution: 1920x1080
Category: ☘️上海频道, Name: 法治天地, Total: 6, Valid: 6, Valid Percent: 100.00%, Whitelist: 0, IPv4: 5, IPv6: 1, Min Delay: 72 ms, Max Speed: 54.91 M/s, Avg Speed: 36.70 M/s, Max Resolution: 1920x1080
Category: ☘️上海频道, Name: 第一财经, Total: 6, Valid: 6, Valid Percent: 100.00%, Whitelist: 0, IPv4: 4, IPv6: 2, Min Delay: 6 ms, Max Speed: 16.32 M/s, Avg Speed: 9.28 M/s, Max Resolution: 1920x1080
Category: ☘️上海频道, Name: 纪实人文, Total: 1, Valid: 1, Valid Percent: 100.00%, Whitelist: 0, IPv4: 1, IPv6: 0, Min Delay: 488 ms, Max Speed: 0.09 M/s, Avg Speed: 0.09 M/s, Max Resolution: 1920x1080
Category: ☘️上海频道, Name: 都市剧场, Total: 7, Valid: 7, Valid Percent: 100.00%, Whitelist: 0, IPv4: 7, IPv6: 0, Min Delay: 11 ms, Max Speed: 54.91 M/s, Avg Speed: 33.06 M/s, Max Resolution: 1920x1080
Category: ☘️重庆频道, Name: 铜梁综合, Total: 4, Valid: 4, Valid Percent: 100.00%, Whitelist: 0, IPv4: 4, IPv6: 0, Min Delay: 5570 ms, Max Speed: 0.17 M/s, Avg Speed: 0.17 M/s, Max Resolution: 720x576
Category: ☘️重庆频道, Name: 重庆汽摩, Total: 2, Valid: 2, Valid Percent: 100.00%, Whitelist: 0, IPv4: 2, IPv6: 0, Min Delay: 8318 ms, Max Speed: 0.23 M/s, Avg Speed: 0.23 M/s, Max Resolution: 1920x1080
Category: ☘️重庆频道, Name: 荣昌综合, Total: 3, Valid: 3, Valid Percent: 100.00%, Whitelist: 0, IPv4: 3, IPv6: 0, Min Delay: 2911 ms, Max Speed: 0.17 M/s, Avg Speed: 0.17 M/s, Max Resolution: 720x404
Category: ☘️重庆频道, Name: 潼南综合, Total: 1, Valid: 1, Valid Percent: 100.00%, Whitelist: 0, IPv4: 1, IPv6: 0, Min Delay: 8318 ms, Max Speed: 0.23 M/s, Avg Speed: 0.23 M/s, Max Resolution: 1920x1080
Category: ☘️重庆频道, Name: 江津新闻综合, Total: 5, Valid: 5, Valid Percent: 100.00%, Whitelist: 0, IPv4: 5, IPv6: 0, Min Delay: 12926 ms, Max Speed: 0.04 M/s, Avg Speed: 0.04 M/s, Max Resolution: 1920x1080
Category: ☘️重庆频道, Name: 垫江综合, Total: 1, Valid: 0, Valid Percent: 0.00%, Whitelist: 0, IPv4: 1, IPv6: 0, Min Delay: -1 ms, Max Speed: 0.00 M/s, Avg Speed: 0.00 M/s, Max Resolution: 1920x1080
Category: ☘️重庆频道, Name: 重庆新闻, Total: 1, Valid: 1, Valid Percent: 100.00%, Whitelist: 0, IPv4: 1, IPv6: 0, Min Delay: 11 ms, Max Speed: 11.61 M/s, Avg Speed: 11.61 M/s, Max Resolution: None
Category: ☘️重庆频道, Name: 重庆时尚购物, Total: 1, Valid: 1, Valid Percent: 100.00%, Whitelist: 0, IPv4: 1, IPv6: 0, Min Delay: 488 ms, Max Speed: 0.09 M/s, Avg Speed: 0.09 M/s, Max Resolution: 1920x1080
Category: ☘️江苏频道, Name: 优漫卡通, Total: 6, Valid: 6, Valid Percent: 100.00%, Whitelist: 0, IPv4: 3, IPv6: 3, Min Delay: 40 ms, Max Speed: 15.61 M/s, Avg Speed: 12.49 M/s, Max Resolution: 1920x1080
Category: ☘️江苏频道, Name: 南京十八, Total: 3, Valid: 3, Valid Percent: 100.00%, Whitelist: 0, IPv4: 2, IPv6: 1, Min Delay: 40 ms, Max Speed: 15.61 M/s, Avg Speed: 15.02 M/s, Max Resolution: 1920x1080
Category: ☘️江苏频道, Name: 南京教科, Total: 5, Valid: 5, Valid Percent: 100.00%, Whitelist: 0, IPv4: 2, IPv6: 3, Min Delay: 40 ms, Max Speed: 15.61 M/s, Avg Speed: 9.23 M/s, Max Resolution: 1920x1080
Category: ☘️江苏频道, Name: 南京新闻综合, Total: 4, Valid: 4, Valid Percent: 100.00%, Whitelist: 0, IPv4: 2, IPv6: 2, Min Delay: 40 ms, Max Speed: 15.61 M/s, Avg Speed: 11.40 M/s, Max Resolution: 1920x1080
Category: ☘️江苏频道, Name: 南通新闻综合, Total: 2, Valid: 2, Valid Percent: 100.00%, Whitelist: 0, IPv4: 1, IPv6: 1, Min Delay: 40 ms, Max Speed: 15.61 M/s, Avg Speed: 15.61 M/s, Max Resolution: 1920x1080
Category: ☘️江苏频道, Name: 句容影院, Total: 2, Valid: 2, Valid Percent: 100.00%, Whitelist: 0, IPv4: 2, IPv6: 0, Min Delay: 3785 ms, Max Speed: 0.05 M/s, Avg Speed: 0.05 M/s, Max Resolution: 720x576
Category: ☘️江苏频道, Name: 句容新闻综合, Total: 3, Valid: 3, Valid Percent: 100.00%, Whitelist: 0, IPv4: 3, IPv6: 0, Min Delay: 3785 ms, Max Speed: 0.05 M/s, Avg Speed: 0.05 M/s, Max Resolution: 720x576
Category: ☘️江苏频道, Name: 句容生活, Total: 1, Valid: 1, Valid Percent: 100.00%, Whitelist: 0, IPv4: 1, IPv6: 0, Min Delay: 3785 ms, Max Speed: 0.05 M/s, Avg Speed: 0.05 M/s, Max Resolution: 720x576
Category: ☘️江苏频道, Name: 宜兴新闻, Total: 5, Valid: 5, Valid Percent: 100.00%, Whitelist: 0, IPv4: 5, IPv6: 0, Min Delay: 469 ms, Max Speed: 9.06 M/s, Avg Speed: 8.93 M/s, Max Resolution: 1280x720
Category: ☘️江苏频道, Name: 宜兴紫砂, Total: 1, Valid: 0, Valid Percent: 0.00%, Whitelist: 0, IPv4: 1, IPv6: 0, Min Delay: -1 ms, Max Speed: 0.00 M/s, Avg Speed: 0.00 M/s, Max Resolution: 1280x720
Category: ☘️江苏频道, Name: 常熟民生, Total: 1, Valid: 0, Valid Percent: 0.00%, Whitelist: 0, IPv4: 1, IPv6: 0, Min Delay: -1 ms, Max Speed: 0.00 M/s, Avg Speed: 0.00 M/s, Max Resolution: 1280x720
Category: ☘️江苏频道, Name: 扬州城市, Total: 2, Valid: 2, Valid Percent: 100.00%, Whitelist: 0, IPv4: 2, IPv6: 0, Min Delay: 5557 ms, Max Speed: 0.30 M/s, Avg Speed: 0.30 M/s, Max Resolution: 1280x720
Category: ☘️江苏频道, Name: 扬州生活, Total: 1, Valid: 1, Valid Percent: 100.00%, Whitelist: 0, IPv4: 1, IPv6: 0, Min Delay: 5557 ms, Max Speed: 0.30 M/s, Avg Speed: 0.30 M/s, Max Resolution: 1280x720
Category: ☘️江苏频道, Name: 江苏城市, Total: 2, Valid: 2, Valid Percent: 100.00%, Whitelist: 0, IPv4: 1, IPv6: 1, Min Delay: 40 ms, Max Speed: 15.61 M/s, Avg Speed: 15.61 M/s, Max Resolution: 1920x1080
Category: ☘️江苏频道, Name: 江苏影视, Total: 3, Valid: 3, Valid Percent: 100.00%, Whitelist: 0, IPv4: 1, IPv6: 2, Min Delay: 40 ms, Max Speed: 15.61 M/s, Avg Speed: 15.61 M/s, Max Resolution: 1920x1080
Category: ☘️江苏频道, Name: 江苏教育, Total: 2, Valid: 2, Valid Percent: 100.00%, Whitelist: 0, IPv4: 1, IPv6: 1, Min Delay: 40 ms, Max Speed: 15.61 M/s, Avg Speed: 15.61 M/s, Max Resolution: 1920x1080
Category: ☘️江苏频道, Name: 泗洪新闻综合, Total: 2, Valid: 2, Valid Percent: 100.00%, Whitelist: 0, IPv4: 2, IPv6: 0, Min Delay: 3051 ms, Max Speed: 0.20 M/s, Avg Speed: 0.20 M/s, Max Resolution: 1920x1080
Category: ☘️江苏频道, Name: 泗阳综合, Total: 2, Valid: 2, Valid Percent: 100.00%, Whitelist: 0, IPv4: 2, IPv6: 0, Min Delay: 3051 ms, Max Speed: 0.20 M/s, Avg Speed: 0.20 M/s, Max Resolution: 1920x1080
Category: ☘️江苏频道, Name: 淮安新闻综合, Total: 2, Valid: 2, Valid Percent: 100.00%, Whitelist: 0, IPv4: 1, IPv6: 1, Min Delay: 40 ms, Max Speed: 15.61 M/s, Avg Speed: 15.61 M/s, Max Resolution: 1920x1080
Category: ☘️江苏频道, Name: 溧水新闻综合, Total: 2, Valid: 2, Valid Percent: 100.00%, Whitelist: 0, IPv4: 1, IPv6: 1, Min Delay: 40 ms, Max Speed: 15.61 M/s, Avg Speed: 15.61 M/s, Max Resolution: 1920x1080
Category: ☘️江苏频道, Name: 滨海新闻综合, Total: 2, Valid: 2, Valid Percent: 100.00%, Whitelist: 0, IPv4: 2, IPv6: 0, Min Delay: 3735 ms, Max Speed: 0.34 M/s, Avg Speed: 0.34 M/s, Max Resolution: 1920x1080
Category: ☘️江苏频道, Name: 睢宁三农, Total: 1, Valid: 1, Valid Percent: 100.00%, Whitelist: 0, IPv4: 1, IPv6: 0, Min Delay: 3051 ms, Max Speed: 0.20 M/s, Avg Speed: 0.20 M/s, Max Resolution: 1920x1080
Category: ☘️江苏频道, Name: 睢宁综合, Total: 2, Valid: 2, Valid Percent: 100.00%, Whitelist: 0, IPv4: 2, IPv6: 0, Min Delay: 877 ms, Max Speed: 0.81 M/s, Avg Speed: 0.81 M/s, Max Resolution: 1280x720
Category: ☘️江苏频道, Name: 苏州4k, Total: 1, Valid: 1, Valid Percent: 100.00%, Whitelist: 0, IPv4: 1, IPv6: 0, Min Delay: 877 ms, Max Speed: 0.81 M/s, Avg Speed: 0.81 M/s, Max Resolution: 1280x720
Category: ☘️江苏频道, Name: 苏州文化生活, Total: 1, Valid: 1, Valid Percent: 100.00%, Whitelist: 0, IPv4: 1, IPv6: 0, Min Delay: 877 ms, Max Speed: 0.81 M/s, Avg Speed: 0.81 M/s, Max Resolution: 1280x720
Category: ☘️江苏频道, Name: 苏州生活资讯, Total: 1, Valid: 1, Valid Percent: 100.00%, Whitelist: 0, IPv4: 1, IPv6: 0, Min Delay: 877 ms, Max Speed: 0.81 M/s, Avg Speed: 0.81 M/s, Max Resolution: 1280x720
Category: ☘️江苏频道, Name: 苏州社会经济, Total: 1, Valid: 1, Valid Percent: 100.00%, Whitelist: 0, IPv4: 1, IPv6: 0, Min Delay: 877 ms, Max Speed: 0.81 M/s, Avg Speed: 0.81 M/s, Max Resolution: 1280x720
Category: ☘️江苏频道, Name: 赣榆新闻综合, Total: 2, Valid: 0, Valid Percent: 0.00%, Whitelist: 0, IPv4: 2, IPv6: 0, Min Delay: 714 ms, Max Speed: 0.00 M/s, Avg Speed: 0.00 M/s, Max Resolution: None
Category: ☘️江苏频道, Name: 连云港新闻综合, Total: 2, Valid: 2, Valid Percent: 100.00%, Whitelist: 0, IPv4: 1, IPv6: 1, Min Delay: 40 ms, Max Speed: 15.61 M/s, Avg Speed: 15.61 M/s, Max Resolution: 1920x1080
Category: ☘️江苏频道, Name: 镇江二套社会民生, Total: 2, Valid: 2, Valid Percent: 100.00%, Whitelist: 0, IPv4: 2, IPv6: 0, Min Delay: 5362 ms, Max Speed: 0.37 M/s, Avg Speed: 0.37 M/s, Max Resolution: 1920x1080
Category: ☘️江苏频道, Name: 镇江新闻综合, Total: 6, Valid: 6, Valid Percent: 100.00%, Whitelist: 0, IPv4: 6, IPv6: 0, Min Delay: 40 ms, Max Speed: 15.61 M/s, Avg Speed: 5.45 M/s, Max Resolution: 1920x1080
Category: ☘️江苏频道, Name: 靖江新闻综合, Total: 2, Valid: 1, Valid Percent: 50.00%, Whitelist: 0, IPv4: 2, IPv6: 0, Min Delay: 12442 ms, Max Speed: 0.10 M/s, Avg Speed: 0.10 M/s, Max Resolution: 1920x1080
Category: ☘️辽宁频道, Name: 朝阳新闻综合, Total: 2, Valid: 0, Valid Percent: 0.00%, Whitelist: 0, IPv4: 2, IPv6: 0, Min Delay: 12164 ms, Max Speed: 0.00 M/s, Avg Speed: 0.00 M/s, Max Resolution: 1920x1080
Category: ☘️辽宁频道, Name: 辽宁北方, Total: 1, Valid: 1, Valid Percent: 100.00%, Whitelist: 0, IPv4: 1, IPv6: 0, Min Delay: 12442 ms, Max Speed: 0.10 M/s, Avg Speed: 0.10 M/s, Max Resolution: 1920x1080
Category: ☘️辽宁频道, Name: 辽宁影视剧, Total: 2, Valid: 2, Valid Percent: 100.00%, Whitelist: 0, IPv4: 2, IPv6: 0, Min Delay: 12442 ms, Max Speed: 0.10 M/s, Avg Speed: 0.10 M/s, Max Resolution: 1920x1080
Category: ☘️辽宁频道, Name: 辽宁教育青少, Total: 1, Valid: 1, Valid Percent: 100.00%, Whitelist: 0, IPv4: 1, IPv6: 0, Min Delay: 12442 ms, Max Speed: 0.10 M/s, Avg Speed: 0.10 M/s, Max Resolution: 1920x1080
Category: ☘️辽宁频道, Name: 辽宁生活, Total: 1, Valid: 1, Valid Percent: 100.00%, Whitelist: 0, IPv4: 1, IPv6: 0, Min Delay: 12442 ms, Max Speed: 0.10 M/s, Avg Speed: 0.10 M/s, Max Resolution: 1920x1080
Category: ☘️辽宁频道, Name: 辽宁经济, Total: 1, Valid: 1, Valid Percent: 100.00%, Whitelist: 0, IPv4: 1, IPv6: 0, Min Delay: 12442 ms, Max Speed: 0.10 M/s, Avg Speed: 0.10 M/s, Max Resolution: 1920x1080
Category: ☘️辽宁频道, Name: 辽宁都市, Total: 1, Valid: 1, Valid Percent: 100.00%, Whitelist: 0, IPv4: 1, IPv6: 0, Min Delay: 12442 ms, Max Speed: 0.10 M/s, Avg Speed: 0.10 M/s, Max Resolution: 1920x1080
Category: ☘️湖南频道, Name: 衡阳新闻综合, Total: 2, Valid: 2, Valid Percent: 100.00%, Whitelist: 0, IPv4: 2, IPv6: 0, Min Delay: 12261 ms, Max Speed: 0.01 M/s, Avg Speed: 0.01 M/s, Max Resolution: 800x480
Category: ☘️广西频道, Name: 南宁新闻综合, Total: 2, Valid: 0, Valid Percent: 0.00%, Whitelist: 0, IPv4: 2, IPv6: 0, Min Delay: -1 ms, Max Speed: 0.00 M/s, Avg Speed: 0.00 M/s, Max Resolution: 1920x1080
Category: ☘️广西频道, Name: 宾阳综合, Total: 2, Valid: 2, Valid Percent: 100.00%, Whitelist: 0, IPv4: 2, IPv6: 0, Min Delay: 4595 ms, Max Speed: 0.25 M/s, Avg Speed: 0.25 M/s, Max Resolution: 1920x1080
Category: ☘️广西频道, Name: 来宾综合, Total: 1, Valid: 1, Valid Percent: 100.00%, Whitelist: 0, IPv4: 1, IPv6: 0, Min Delay: 4595 ms, Max Speed: 0.25 M/s, Avg Speed: 0.25 M/s, Max Resolution: 1920x1080
Category: ☘️广西频道, Name: 广西新闻, Total: 4, Valid: 4, Valid Percent: 100.00%, Whitelist: 0, IPv4: 4, IPv6: 0, Min Delay: 379 ms, Max Speed: 9.40 M/s, Avg Speed: 7.42 M/s, Max Resolution: 1920x1080
Category: ☘️广西频道, Name: 广西国际, Total: 5, Valid: 5, Valid Percent: 100.00%, Whitelist: 0, IPv4: 4, IPv6: 1, Min Delay: 379 ms, Max Speed: 9.40 M/s, Avg Speed: 6.21 M/s, Max Resolution: 1920x1080
Category: ☘️广西频道, Name: 南宁影视娱乐, Total: 2, Valid: 2, Valid Percent: 100.00%, Whitelist: 0, IPv4: 2, IPv6: 0, Min Delay: 1661 ms, Max Speed: 0.38 M/s, Avg Speed: 0.38 M/s, Max Resolution: 1280x720
Category: ☘️天津频道, Name: 滨海新闻, Total: 1, Valid: 1, Valid Percent: 100.00%, Whitelist: 0, IPv4: 1, IPv6: 0, Min Delay: 3735 ms, Max Speed: 0.34 M/s, Avg Speed: 0.34 M/s, Max Resolution: 1920x1080
Category: ☘️天津频道, Name: 滨海综艺, Total: 1, Valid: 1, Valid Percent: 100.00%, Whitelist: 0, IPv4: 1, IPv6: 0, Min Delay: 3735 ms, Max Speed: 0.34 M/s, Avg Speed: 0.34 M/s, Max Resolution: 1920x1080
Category: ☘️天津频道, Name: 滨海影院, Total: 1, Valid: 1, Valid Percent: 100.00%, Whitelist: 0, IPv4: 1, IPv6: 0, Min Delay: 3735 ms, Max Speed: 0.34 M/s, Avg Speed: 0.34 M/s, Max Resolution: 1920x1080
Category: ☘️天津频道, Name: 津南一套, Total: 4, Valid: 4, Valid Percent: 100.00%, Whitelist: 0, IPv4: 4, IPv6: 0, Min Delay: 8 ms, Max Speed: 34.97 M/s, Avg Speed: 17.59 M/s, Max Resolution: 720x576
Category: ☘️天津频道, Name: 天津卫视, Total: 26, Valid: 26, Valid Percent: 100.00%, Whitelist: 0, IPv4: 24, IPv6: 2, Min Delay: 40 ms, Max Speed: 54.91 M/s, Avg Speed: 17.42 M/s, Max Resolution: 1920x1080
Category: ☘️四川频道, Name: 乐山新闻综合, Total: 2, Valid: 2, Valid Percent: 100.00%, Whitelist: 0, IPv4: 2, IPv6: 0, Min Delay: 16 ms, Max Speed: 62.47 M/s, Avg Speed: 62.47 M/s, Max Resolution: 1280x720
Category: ☘️四川频道, Name: 井研综合, Total: 2, Valid: 2, Valid Percent: 100.00%, Whitelist: 0, IPv4: 2, IPv6: 0, Min Delay: 3266 ms, Max Speed: 0.61 M/s, Avg Speed: 0.61 M/s, Max Resolution: 1920x1080
Category: ☘️四川频道, Name: 仁寿综合, Total: 2, Valid: 2, Valid Percent: 100.00%, Whitelist: 0, IPv4: 2, IPv6: 0, Min Delay: 3841 ms, Max Speed: 0.02 M/s, Avg Speed: 0.02 M/s, Max Resolution: None
Category: ☘️四川频道, Name: 凉山新闻综合, Total: 2, Valid: 0, Valid Percent: 0.00%, Whitelist: 0, IPv4: 2, IPv6: 0, Min Delay: -1 ms, Max Speed: 0.00 M/s, Avg Speed: 0.00 M/s, Max Resolution: 720x404
Category: ☘️四川频道, Name: 叙永综合, Total: 3, Valid: 2, Valid Percent: 66.67%, Whitelist: 0, IPv4: 2, IPv6: 1, Min Delay: 2460 ms, Max Speed: 0.58 M/s, Avg Speed: 0.58 M/s, Max Resolution: 1920x1080
Category: ☘️四川频道, Name: 名山综合, Total: 4, Valid: 3, Valid Percent: 75.00%, Whitelist: 0, IPv4: 4, IPv6: 0, Min Delay: 1311 ms, Max Speed: 0.58 M/s, Avg Speed: 0.26 M/s, Max Resolution: 1920x1080
Category: ☘️四川频道, Name: 夹江新闻综合, Total: 4, Valid: 2, Valid Percent: 50.00%, Whitelist: 0, IPv4: 4, IPv6: 0, Min Delay: 5564 ms, Max Speed: 0.03 M/s, Avg Speed: 0.03 M/s, Max Resolution: 1280x720
Category: ☘️四川频道, Name: 宝兴综合, Total: 1, Valid: 1, Valid Percent: 100.00%, Whitelist: 0, IPv4: 1, IPv6: 0, Min Delay: 2460 ms, Max Speed: 0.58 M/s, Avg Speed: 0.58 M/s, Max Resolution: 1920x1080
Category: ☘️四川频道, Name: 小金综合, Total: 1, Valid: 0, Valid Percent: 0.00%, Whitelist: 0, IPv4: 1, IPv6: 0, Min Delay: -1 ms, Max Speed: 0.00 M/s, Avg Speed: 0.00 M/s, Max Resolution: 1920x1080
Category: ☘️四川频道, Name: 广元公共, Total: 1, Valid: 1, Valid Percent: 100.00%, Whitelist: 0, IPv4: 1, IPv6: 0, Min Delay: 12396 ms, Max Speed: 0.03 M/s, Avg Speed: 0.03 M/s, Max Resolution: 1280x720
Category: ☘️四川频道, Name: 广元综合, Total: 1, Valid: 1, Valid Percent: 100.00%, Whitelist: 0, IPv4: 1, IPv6: 0, Min Delay: 12396 ms, Max Speed: 0.03 M/s, Avg Speed: 0.03 M/s, Max Resolution: 1280x720
Category: ☘️四川频道, Name: 旺苍新闻综合, Total: 5, Valid: 4, Valid Percent: 80.00%, Whitelist: 0, IPv4: 3, IPv6: 2, Min Delay: 577 ms, Max Speed: 0.72 M/s, Avg Speed: 0.36 M/s, Max Resolution: 1920x1080
Category: ☘️四川频道, Name: 沐川综合, Total: 1, Valid: 0, Valid Percent: 0.00%, Whitelist: 0, IPv4: 1, IPv6: 0, Min Delay: -1 ms, Max Speed: 0.00 M/s, Avg Speed: 0.00 M/s, Max Resolution: 1920x1080
Category: ☘️四川频道, Name: 甘孜综合, Total: 2, Valid: 1, Valid Percent: 50.00%, Whitelist: 0, IPv4: 1, IPv6: 1, Min Delay: 4034 ms, Max Speed: 0.56 M/s, Avg Speed: 0.56 M/s, Max Resolution: 1920x1080
Category: ☘️四川频道, Name: 荥经综合, Total: 4, Valid: 4, Valid Percent: 100.00%, Whitelist: 0, IPv4: 2, IPv6: 2, Min Delay: 3228 ms, Max Speed: 0.59 M/s, Avg Speed: 0.42 M/s, Max Resolution: 1920x1080
Category: ☘️四川频道, Name: 金川新闻综合, Total: 2, Valid: 0, Valid Percent: 0.00%, Whitelist: 0, IPv4: 2, IPv6: 0, Min Delay: -1 ms, Max Speed: 0.00 M/s, Avg Speed: 0.00 M/s, Max Resolution: 1920x1080
Category: ☘️四川频道, Name: 长宁综合, Total: 1, Valid: 0, Valid Percent: 0.00%, Whitelist: 0, IPv4: 1, IPv6: 0, Min Delay: -1 ms, Max Speed: 0.00 M/s, Avg Speed: 0.00 M/s, Max Resolution: 1920x1080
Category: ☘️四川频道, Name: 雅安新闻综合, Total: 1, Valid: 1, Valid Percent: 100.00%, Whitelist: 0, IPv4: 1, IPv6: 0, Min Delay: 3938 ms, Max Speed: 0.50 M/s, Avg Speed: 0.50 M/s, Max Resolution: 1920x1080
Category: ☘️四川频道, Name: 马尔康综合, Total: 2, Valid: 0, Valid Percent: 0.00%, Whitelist: 0, IPv4: 2, IPv6: 0, Min Delay: 12006 ms, Max Speed: 0.00 M/s, Avg Speed: 0.00 M/s, Max Resolution: None
Category: ☘️陕西频道, Name: 陕西新闻资讯, Total: 2, Valid: 2, Valid Percent: 100.00%, Whitelist: 0, IPv4: 1, IPv6: 1, Min Delay: 40 ms, Max Speed: 15.61 M/s, Avg Speed: 15.61 M/s, Max Resolution: 1920x1080
Category: ☘️陕西频道, Name: 陕西都市青春, Total: 2, Valid: 2, Valid Percent: 100.00%, Whitelist: 0, IPv4: 1, IPv6: 1, Min Delay: 40 ms, Max Speed: 15.61 M/s, Avg Speed: 15.61 M/s, Max Resolution: 1920x1080
Category: ☘️陕西频道, Name: 陕西体育休闲, Total: 2, Valid: 2, Valid Percent: 100.00%, Whitelist: 0, IPv4: 2, IPv6: 0, Min Delay: 40 ms, Max Speed: 15.61 M/s, Avg Speed: 15.61 M/s, Max Resolution: 1920x1080
Category: ☘️福建频道, Name: 厦门卫视, Total: 6, Valid: 6, Valid Percent: 100.00%, Whitelist: 0, IPv4: 5, IPv6: 1, Min Delay: 379 ms, Max Speed: 9.40 M/s, Avg Speed: 5.07 M/s, Max Resolution: 1920x1080
Category: ☘️福建频道, Name: 福建综合, Total: 1, Valid: 1, Valid Percent: 100.00%, Whitelist: 0, IPv4: 1, IPv6: 0, Min Delay: 72 ms, Max Speed: 54.91 M/s, Avg Speed: 54.91 M/s, Max Resolution: None
Category: ☘️福建频道, Name: 福建公共, Total: 2, Valid: 2, Valid Percent: 100.00%, Whitelist: 0, IPv4: 2, IPv6: 0, Min Delay: 72 ms, Max Speed: 54.91 M/s, Avg Speed: 54.91 M/s, Max Resolution: None
Category: ☘️福建频道, Name: 福建旅游, Total: 4, Valid: 4, Valid Percent: 100.00%, Whitelist: 0, IPv4: 4, IPv6: 0, Min Delay: 72 ms, Max Speed: 54.91 M/s, Avg Speed: 54.91 M/s, Max Resolution: None
Category: ☘️河南频道, Name: 梨园, Total: 3, Valid: 3, Valid Percent: 100.00%, Whitelist: 0, IPv4: 3, IPv6: 0, Min Delay: 1440 ms, Max Speed: 0.44 M/s, Avg Speed: 0.32 M/s, Max Resolution: 1920x1080
Category: ☘️河南频道, Name: 河南都市, Total: 1, Valid: 1, Valid Percent: 100.00%, Whitelist: 0, IPv4: 1, IPv6: 0, Min Delay: 54 ms, Max Speed: 79.57 M/s, Avg Speed: 79.57 M/s, Max Resolution: 1920x1080
Category: ☘️河北频道, Name: 河北都市, Total: 4, Valid: 3, Valid Percent: 75.00%, Whitelist: 0, IPv4: 2, IPv6: 2, Min Delay: 1077 ms, Max Speed: 0.87 M/s, Avg Speed: 0.35 M/s, Max Resolution: 1920x1080
Category: ☘️河北频道, Name: 河北农民, Total: 5, Valid: 5, Valid Percent: 100.00%, Whitelist: 0, IPv4: 1, IPv6: 4, Min Delay: 871 ms, Max Speed: 0.87 M/s, Avg Speed: 0.29 M/s, Max Resolution: 1920x1080
Category: ☘️河北频道, Name: 衡山, Total: 2, Valid: 2, Valid Percent: 100.00%, Whitelist: 0, IPv4: 2, IPv6: 0, Min Delay: 12887 ms, Max Speed: 0.19 M/s, Avg Speed: 0.19 M/s, Max Resolution: 1280x720
Category: ☘️甘肃频道, Name: 甘肃经济, Total: 25, Valid: 1, Valid Percent: 4.00%, Whitelist: 0, IPv4: 25, IPv6: 0, Min Delay: 11 ms, Max Speed: 11.61 M/s, Avg Speed: 11.61 M/s, Max Resolution: None
Category: ☘️甘肃频道, Name: 永昌综合, Total: 1, Valid: 0, Valid Percent: 0.00%, Whitelist: 0, IPv4: 1, IPv6: 0, Min Delay: -1 ms, Max Speed: 0.00 M/s, Avg Speed: 0.00 M/s, Max Resolution: 1280x720
Category: ☘️新疆频道, Name: 兵团五师双河新闻综合, Total: 4, Valid: 4, Valid Percent: 100.00%, Whitelist: 0, IPv4: 4, IPv6: 0, Min Delay: 1594 ms, Max Speed: 0.25 M/s, Avg Speed: 0.20 M/s, Max Resolution: 720x576
Category: ☘️新疆频道, Name: 奎屯哈萨克语, Total: 2, Valid: 2, Valid Percent: 100.00%, Whitelist: 0, IPv4: 2, IPv6: 0, Min Delay: 12388 ms, Max Speed: 0.11 M/s, Avg Speed: 0.11 M/s, Max Resolution: 1920x1080
Category: ☘️新疆频道, Name: 玛纳斯综合, Total: 2, Valid: 2, Valid Percent: 100.00%, Whitelist: 0, IPv4: 2, IPv6: 0, Min Delay: 5465 ms, Max Speed: 0.25 M/s, Avg Speed: 0.25 M/s, Max Resolution: 1920x1080
Category: ☘️新疆频道, Name: 新疆卫视, Total: 23, Valid: 23, Valid Percent: 100.00%, Whitelist: 0, IPv4: 21, IPv6: 2, Min Delay: 6 ms, Max Speed: 54.91 M/s, Avg Speed: 17.68 M/s, Max Resolution: 1920x1080
Category: ☘️新疆频道, Name: 奎屯汉语综合, Total: 1, Valid: 1, Valid Percent: 100.00%, Whitelist: 0, IPv4: 1, IPv6: 0, Min Delay: 12388 ms, Max Speed: 0.11 M/s, Avg Speed: 0.11 M/s, Max Resolution: 1920x1080
Category: ☘️新疆频道, Name: 巴音郭楞州, Total: 2, Valid: 1, Valid Percent: 50.00%, Whitelist: 0, IPv4: 2, IPv6: 0, Min Delay: 12388 ms, Max Speed: 0.11 M/s, Avg Speed: 0.11 M/s, Max Resolution: 1920x1080
Category: ☘️新疆频道, Name: 石河子教育, Total: 2, Valid: 1, Valid Percent: 50.00%, Whitelist: 0, IPv4: 2, IPv6: 0, Min Delay: 12388 ms, Max Speed: 0.11 M/s, Avg Speed: 0.11 M/s, Max Resolution: 1920x1080
Category: ☘️山东频道, Name: 山东教育, Total: 3, Valid: 3, Valid Percent: 100.00%, Whitelist: 0, IPv4: 2, IPv6: 1, Min Delay: 40 ms, Max Speed: 15.61 M/s, Avg Speed: 10.44 M/s, Max Resolution: 1920x1080
Category: ☘️山东频道, Name: 山东体育, Total: 1, Valid: 1, Valid Percent: 100.00%, Whitelist: 0, IPv4: 1, IPv6: 0, Min Delay: 6 ms, Max Speed: 16.32 M/s, Avg Speed: 16.32 M/s, Max Resolution: None
Category: ☘️山东频道, Name: 东营综合, Total: 2, Valid: 0, Valid Percent: 0.00%, Whitelist: 0, IPv4: 2, IPv6: 0, Min Delay: 5559 ms, Max Speed: 0.00 M/s, Avg Speed: 0.00 M/s, Max Resolution: None
Category: ☘️山东频道, Name: 菏泽一套新闻综合, Total: 1, Valid: 1, Valid Percent: 100.00%, Whitelist: 0, IPv4: 1, IPv6: 0, Min Delay: 12887 ms, Max Speed: 0.19 M/s, Avg Speed: 0.19 M/s, Max Resolution: 1280x720
Category: ☘️山东频道, Name: 菏泽三套影视, Total: 1, Valid: 1, Valid Percent: 100.00%, Whitelist: 0, IPv4: 1, IPv6: 0, Min Delay: 12887 ms, Max Speed: 0.19 M/s, Avg Speed: 0.19 M/s, Max Resolution: 1280x720
Category: ☘️山东频道, Name: 菏泽影, Total: 1, Valid: 1, Valid Percent: 100.00%, Whitelist: 0, IPv4: 1, IPv6: 0, Min Delay: 12887 ms, Max Speed: 0.19 M/s, Avg Speed: 0.19 M/s, Max Resolution: 1280x720
Category: ☘️山东频道, Name: 菏泽新闻综合, Total: 3, Valid: 3, Valid Percent: 100.00%, Whitelist: 0, IPv4: 3, IPv6: 0, Min Delay: 12887 ms, Max Speed: 0.19 M/s, Avg Speed: 0.19 M/s, Max Resolution: 1280x720
Category: ☘️山东频道, Name: 菏泽经济生活, Total: 2, Valid: 2, Valid Percent: 100.00%, Whitelist: 0, IPv4: 2, IPv6: 0, Min Delay: 12887 ms, Max Speed: 0.19 M/s, Avg Speed: 0.19 M/s, Max Resolution: 1280x720
Category: ☘️山西频道, Name: 万荣综合, Total: 2, Valid: 2, Valid Percent: 100.00%, Whitelist: 0, IPv4: 2, IPv6: 0, Min Delay: 5375 ms, Max Speed: 0.21 M/s, Avg Speed: 0.21 M/s, Max Resolution: 720x404
Category: ☘️山西频道, Name: 大宁综合, Total: 3, Valid: 3, Valid Percent: 100.00%, Whitelist: 0, IPv4: 3, IPv6: 0, Min Delay: 782 ms, Max Speed: 0.03 M/s, Avg Speed: 0.03 M/s, Max Resolution: 10x10
Category: ☘️山西频道, Name: 太谷新闻综合, Total: 2, Valid: 2, Valid Percent: 100.00%, Whitelist: 0, IPv4: 2, IPv6: 0, Min Delay: 1888 ms, Max Speed: 1.74 M/s, Avg Speed: 1.74 M/s, Max Resolution: 1920x1080
Category: ☘️山西频道, Name: 长子综合, Total: 4, Valid: 4, Valid Percent: 100.00%, Whitelist: 0, IPv4: 2, IPv6: 2, Min Delay: 9251 ms, Max Speed: 0.28 M/s, Avg Speed: 0.23 M/s, Max Resolution: 1920x1080
Category: ☘️山西频道, Name: 闻喜综合, Total: 1, Valid: 1, Valid Percent: 100.00%, Whitelist: 0, IPv4: 1, IPv6: 0, Min Delay: 12445 ms, Max Speed: 0.28 M/s, Avg Speed: 0.28 M/s, Max Resolution: 720x576
Category: ☘️安徽频道, Name: 合肥新闻, Total: 2, Valid: 2, Valid Percent: 100.00%, Whitelist: 0, IPv4: 2, IPv6: 0, Min Delay: 12919 ms, Max Speed: 0.05 M/s, Avg Speed: 0.05 M/s, Max Resolution: 720x576
Category: ☘️安徽频道, Name: 固镇新闻, Total: 2, Valid: 2, Valid Percent: 100.00%, Whitelist: 0, IPv4: 2, IPv6: 0, Min Delay: 3414 ms, Max Speed: 0.34 M/s, Avg Speed: 0.34 M/s, Max Resolution: 1920x1080
Category: ☘️安徽频道, Name: 祁门综合, Total: 3, Valid: 2, Valid Percent: 66.67%, Whitelist: 0, IPv4: 1, IPv6: 2, Min Delay: 9 ms, Max Speed: 74.81 M/s, Avg Speed: 74.81 M/s, Max Resolution: 1920x1080
Category: ☘️安徽频道, Name: 灵璧综合, Total: 3, Valid: 3, Valid Percent: 100.00%, Whitelist: 0, IPv4: 3, IPv6: 0, Min Delay: 4707 ms, Max Speed: 0.14 M/s, Avg Speed: 0.14 M/s, Max Resolution: 640x480
Category: ☘️安徽频道, Name: 宿松新闻综合, Total: 1, Valid: 0, Valid Percent: 0.00%, Whitelist: 0, IPv4: 1, IPv6: 0, Min Delay: -1 ms, Max Speed: 0.00 M/s, Avg Speed: 0.00 M/s, Max Resolution: 720x404
Category: ☘️安徽频道, Name: 亳州新闻, Total: 1, Valid: 1, Valid Percent: 100.00%, Whitelist: 0, IPv4: 1, IPv6: 0, Min Delay: 9 ms, Max Speed: 74.81 M/s, Avg Speed: 74.81 M/s, Max Resolution: 1920x1080
Category: ☘️安徽频道, Name: 亳州农村, Total: 2, Valid: 2, Valid Percent: 100.00%, Whitelist: 0, IPv4: 1, IPv6: 1, Min Delay: 9 ms, Max Speed: 74.81 M/s, Avg Speed: 74.81 M/s, Max Resolution: 1920x1080
Category: ☘️宁夏频道, Name: 宁夏经济, Total: 2, Valid: 2, Valid Percent: 100.00%, Whitelist: 0, IPv4: 1, IPv6: 1, Min Delay: 6 ms, Max Speed: 16.32 M/s, Avg Speed: 8.18 M/s, Max Resolution: 1920x1080
Category: ☘️吉林频道, Name: 延边卫视, Total: 6, Valid: 6, Valid Percent: 100.00%, Whitelist: 0, IPv4: 5, IPv6: 1, Min Delay: 6 ms, Max Speed: 54.91 M/s, Avg Speed: 21.13 M/s, Max Resolution: 1920x1080
Category: ☘️吉林频道, Name: 吉林乡村, Total: 1, Valid: 1, Valid Percent: 100.00%, Whitelist: 0, IPv4: 1, IPv6: 0, Min Delay: 6 ms, Max Speed: 16.32 M/s, Avg Speed: 16.32 M/s, Max Resolution: None
Category: ☘️吉林频道, Name: 延边-2, Total: 4, Valid: 4, Valid Percent: 100.00%, Whitelist: 0, IPv4: 4, IPv6: 0, Min Delay: 1820 ms, Max Speed: 0.30 M/s, Avg Speed: 0.17 M/s, Max Resolution: 720x576
Category: ☘️吉林频道, Name: 长白山电视台, Total: 2, Valid: 2, Valid Percent: 100.00%, Whitelist: 0, IPv4: 2, IPv6: 0, Min Delay: 1820 ms, Max Speed: 0.30 M/s, Avg Speed: 0.30 M/s, Max Resolution: 320x240
Category: ☘️吉林频道, Name: 德惠综合, Total: 3, Valid: 3, Valid Percent: 100.00%, Whitelist: 0, IPv4: 3, IPv6: 0, Min Delay: 2443 ms, Max Speed: 0.18 M/s, Avg Speed: 0.18 M/s, Max Resolution: 720x576
Category: ☘️吉林频道, Name: 九台综合, Total: 4, Valid: 4, Valid Percent: 100.00%, Whitelist: 0, IPv4: 4, IPv6: 0, Min Delay: 4284 ms, Max Speed: 0.11 M/s, Avg Speed: 0.11 M/s, Max Resolution: 720x576
Category: ☘️吉林频道, Name: 靖宇综合, Total: 2, Valid: 2, Valid Percent: 100.00%, Whitelist: 0, IPv4: 2, IPv6: 0, Min Delay: 1343 ms, Max Speed: 0.04 M/s, Avg Speed: 0.04 M/s, Max Resolution: None
Category: ☘️吉林频道, Name: 敦化一套, Total: 2, Valid: 2, Valid Percent: 100.00%, Whitelist: 0, IPv4: 2, IPv6: 0, Min Delay: 1820 ms, Max Speed: 0.30 M/s, Avg Speed: 0.30 M/s, Max Resolution: 320x240
Category: ☘️吉林频道, Name: 龙井综合, Total: 1, Valid: 1, Valid Percent: 100.00%, Whitelist: 0, IPv4: 1, IPv6: 0, Min Delay: 1820 ms, Max Speed: 0.30 M/s, Avg Speed: 0.30 M/s, Max Resolution: 320x240
Category: ☘️吉林频道, Name: 梅河口综合, Total: 2, Valid: 2, Valid Percent: 100.00%, Whitelist: 0, IPv4: 2, IPv6: 0, Min Delay: 1607 ms, Max Speed: 0.03 M/s, Avg Speed: 0.03 M/s, Max Resolution: None
Category: ☘️吉林频道, Name: 桦甸综合, Total: 1, Valid: 1, Valid Percent: 100.00%, Whitelist: 0, IPv4: 1, IPv6: 0, Min Delay: 4284 ms, Max Speed: 0.11 M/s, Avg Speed: 0.11 M/s, Max Resolution: 720x576
Category: ☘️吉林频道, Name: 磐石综合, Total: 4, Valid: 4, Valid Percent: 100.00%, Whitelist: 0, IPv4: 4, IPv6: 0, Min Delay: 1607 ms, Max Speed: 0.05 M/s, Avg Speed: 0.05 M/s, Max Resolution: 720x576
Category: ☘️吉林频道, Name: 舒兰新闻综合, Total: 2, Valid: 2, Valid Percent: 100.00%, Whitelist: 0, IPv4: 2, IPv6: 0, Min Delay: 1820 ms, Max Speed: 0.30 M/s, Avg Speed: 0.30 M/s, Max Resolution: 320x240
Category: ☘️吉林频道, Name: 东丰综合, Total: 4, Valid: 4, Valid Percent: 100.00%, Whitelist: 0, IPv4: 4, IPv6: 0, Min Delay: 1607 ms, Max Speed: 0.05 M/s, Avg Speed: 0.05 M/s, Max Resolution: 720x576
Category: ☘️吉林频道, Name: 辉南新闻综合, Total: 3, Valid: 3, Valid Percent: 100.00%, Whitelist: 0, IPv4: 3, IPv6: 0, Min Delay: 2945 ms, Max Speed: 0.05 M/s, Avg Speed: 0.05 M/s, Max Resolution: 720x576
Category: ☘️吉林频道, Name: 柳河综合, Total: 1, Valid: 1, Valid Percent: 100.00%, Whitelist: 0, IPv4: 1, IPv6: 0, Min Delay: 2945 ms, Max Speed: 0.05 M/s, Avg Speed: 0.05 M/s, Max Resolution: 720x576
Category: ☘️吉林频道, Name: 通化县综合, Total: 3, Valid: 3, Valid Percent: 100.00%, Whitelist: 0, IPv4: 3, IPv6: 0, Min Delay: 1607 ms, Max Speed: 0.05 M/s, Avg Speed: 0.04 M/s, Max Resolution: 720x576
Category: ☘️吉林频道, Name: 汪清综合, Total: 3, Valid: 3, Valid Percent: 100.00%, Whitelist: 0, IPv4: 3, IPv6: 0, Min Delay: 2945 ms, Max Speed: 0.05 M/s, Avg Speed: 0.05 M/s, Max Resolution: 720x576
Category: ☘️内蒙古频道, Name: 内蒙经济, Total: 2, Valid: 2, Valid Percent: 100.00%, Whitelist: 0, IPv4: 1, IPv6: 1, Min Delay: 11 ms, Max Speed: 11.61 M/s, Avg Speed: 5.82 M/s, Max Resolution: 1920x1080
Category: ☘️云南频道, Name: 云南都市, Total: 1, Valid: 1, Valid Percent: 100.00%, Whitelist: 0, IPv4: 1, IPv6: 0, Min Delay: 3086 ms, Max Speed: 0.40 M/s, Avg Speed: 0.40 M/s, Max Resolution: 1920x1080
Category: ☘️云南频道, Name: 云南娱乐, Total: 1, Valid: 1, Valid Percent: 100.00%, Whitelist: 0, IPv4: 1, IPv6: 0, Min Delay: 3086 ms, Max Speed: 0.40 M/s, Avg Speed: 0.40 M/s, Max Resolution: 1920x1080
Category: ☘️黑龙江频道, Name: 黑龙江新闻法治, Total: 3, Valid: 3, Valid Percent: 100.00%, Whitelist: 0, IPv4: 1, IPv6: 2, Min Delay: 6 ms, Max Speed: 16.32 M/s, Avg Speed: 5.60 M/s, Max Resolution: 1920x1080
Category: ☘️黑龙江频道, Name: 哈尔滨影视, Total: 2, Valid: 2, Valid Percent: 100.00%, Whitelist: 0, IPv4: 2, IPv6: 0, Min Delay: 9358 ms, Max Speed: 0.06 M/s, Avg Speed: 0.06 M/s, Max Resolution: None
Category: ☘️黑龙江频道, Name: 哈尔滨资讯, Total: 1, Valid: 1, Valid Percent: 100.00%, Whitelist: 0, IPv4: 1, IPv6: 0, Min Delay: 9358 ms, Max Speed: 0.06 M/s, Avg Speed: 0.06 M/s, Max Resolution: None
Category: ☘️黑龙江频道, Name: 哈尔滨生活, Total: 2, Valid: 2, Valid Percent: 100.00%, Whitelist: 0, IPv4: 2, IPv6: 0, Min Delay: 9358 ms, Max Speed: 0.06 M/s, Avg Speed: 0.06 M/s, Max Resolution: None
Category: ☘️黑龙江频道, Name: 哈尔滨娱乐, Total: 3, Valid: 3, Valid Percent: 100.00%, Whitelist: 0, IPv4: 3, IPv6: 0, Min Delay: 9358 ms, Max Speed: 0.06 M/s, Avg Speed: 0.06 M/s, Max Resolution: None
Category: ☘️黑龙江频道, Name: 鹤岗新闻综合, Total: 2, Valid: 2, Valid Percent: 100.00%, Whitelist: 0, IPv4: 1, IPv6: 1, Min Delay: 2574 ms, Max Speed: 0.44 M/s, Avg Speed: 0.31 M/s, Max Resolution: 1920x1080
Category: ☘️黑龙江频道, Name: 七台河新闻综合, Total: 2, Valid: 2, Valid Percent: 100.00%, Whitelist: 0, IPv4: 2, IPv6: 0, Min Delay: 2484 ms, Max Speed: 0.39 M/s, Avg Speed: 0.39 M/s, Max Resolution: 1280x720
Category: ☘️黑龙江频道, Name: 佳木斯新闻综合, Total: 2, Valid: 2, Valid Percent: 100.00%, Whitelist: 0, IPv4: 1, IPv6: 1, Min Delay: 2484 ms, Max Speed: 0.44 M/s, Avg Speed: 0.41 M/s, Max Resolution: 1920x1080
Category: ☘️黑龙江频道, Name: 甘南县综合, Total: 4, Valid: 2, Valid Percent: 50.00%, Whitelist: 0, IPv4: 4, IPv6: 0, Min Delay: 1193 ms, Max Speed: 0.02 M/s, Avg Speed: 0.02 M/s, Max Resolution: 640x480
Category: ☘️黑龙江频道, Name: 哈尔滨都市资讯, Total: 1, Valid: 1, Valid Percent: 100.00%, Whitelist: 0, IPv4: 1, IPv6: 0, Min Delay: 1193 ms, Max Speed: 0.02 M/s, Avg Speed: 0.02 M/s, Max Resolution: 640x480
Category: ☘️黑龙江频道, Name: 双鸭山综合, Total: 1, Valid: 1, Valid Percent: 100.00%, Whitelist: 0, IPv4: 1, IPv6: 0, Min Delay: 2484 ms, Max Speed: 0.39 M/s, Avg Speed: 0.39 M/s, Max Resolution: 1280x720
Category: ☘️黑龙江频道, Name: 七台河民生社教, Total: 1, Valid: 1, Valid Percent: 100.00%, Whitelist: 0, IPv4: 1, IPv6: 0, Min Delay: 2484 ms, Max Speed: 0.39 M/s, Avg Speed: 0.39 M/s, Max Resolution: 1280x720
